Archive member included to satisfy reference by file (symbol)

e:/softwares/installed/atmel/studio/7.0/toolchain/avr8/avr8-gnu-toolchain/bin/../lib/gcc/avr/5.4.0/../../../../avr/lib/avrxmega7\libm.a(addsf3.o)
                              src/ASF/common/services/sensors/drivers/akm/ak8975.o (__subsf3)
e:/softwares/installed/atmel/studio/7.0/toolchain/avr8/avr8-gnu-toolchain/bin/../lib/gcc/avr/5.4.0/../../../../avr/lib/avrxmega7\libm.a(addsf3x.o)
                              e:/softwares/installed/atmel/studio/7.0/toolchain/avr8/avr8-gnu-toolchain/bin/../lib/gcc/avr/5.4.0/../../../../avr/lib/avrxmega7\libm.a(addsf3.o) (__addsf3x)
e:/softwares/installed/atmel/studio/7.0/toolchain/avr8/avr8-gnu-toolchain/bin/../lib/gcc/avr/5.4.0/../../../../avr/lib/avrxmega7\libm.a(asin.o)
                              src/ASF/common/services/sensors/physics/physics.o (asin)
e:/softwares/installed/atmel/studio/7.0/toolchain/avr8/avr8-gnu-toolchain/bin/../lib/gcc/avr/5.4.0/../../../../avr/lib/avrxmega7\libm.a(atan2.o)
                              src/ASF/common/services/sensors/physics/physics.o (atan2)
e:/softwares/installed/atmel/studio/7.0/toolchain/avr8/avr8-gnu-toolchain/bin/../lib/gcc/avr/5.4.0/../../../../avr/lib/avrxmega7\libm.a(atan.o)
                              e:/softwares/installed/atmel/studio/7.0/toolchain/avr8/avr8-gnu-toolchain/bin/../lib/gcc/avr/5.4.0/../../../../avr/lib/avrxmega7\libm.a(atan2.o) (atan)
e:/softwares/installed/atmel/studio/7.0/toolchain/avr8/avr8-gnu-toolchain/bin/../lib/gcc/avr/5.4.0/../../../../avr/lib/avrxmega7\libm.a(cmpsf2.o)
                              src/ASF/common/services/sensors/physics/physics.o (__eqsf2)
e:/softwares/installed/atmel/studio/7.0/toolchain/avr8/avr8-gnu-toolchain/bin/../lib/gcc/avr/5.4.0/../../../../avr/lib/avrxmega7\libm.a(divsf3.o)
                              src/ASF/common/services/sensors/drivers/bosch/bmp.o (__divsf3)
e:/softwares/installed/atmel/studio/7.0/toolchain/avr8/avr8-gnu-toolchain/bin/../lib/gcc/avr/5.4.0/../../../../avr/lib/avrxmega7\libm.a(divsf3x.o)
                              e:/softwares/installed/atmel/studio/7.0/toolchain/avr8/avr8-gnu-toolchain/bin/../lib/gcc/avr/5.4.0/../../../../avr/lib/avrxmega7\libm.a(divsf3.o) (__divsf3x)
e:/softwares/installed/atmel/studio/7.0/toolchain/avr8/avr8-gnu-toolchain/bin/../lib/gcc/avr/5.4.0/../../../../avr/lib/avrxmega7\libm.a(fixsfdi.o)
                              src/ASF/common/services/sensors/drivers/bosch/bmp.o (__fixunssfdi)
e:/softwares/installed/atmel/studio/7.0/toolchain/avr8/avr8-gnu-toolchain/bin/../lib/gcc/avr/5.4.0/../../../../avr/lib/avrxmega7\libm.a(fixsfsi.o)
                              src/ASF/common/services/sensors/drivers/akm/ak8975.o (__fixsfsi)
e:/softwares/installed/atmel/studio/7.0/toolchain/avr8/avr8-gnu-toolchain/bin/../lib/gcc/avr/5.4.0/../../../../avr/lib/avrxmega7\libm.a(fixunssfsi.o)
                              e:/softwares/installed/atmel/studio/7.0/toolchain/avr8/avr8-gnu-toolchain/bin/../lib/gcc/avr/5.4.0/../../../../avr/lib/avrxmega7\libm.a(fixsfsi.o) (__fixunssfsi)
e:/softwares/installed/atmel/studio/7.0/toolchain/avr8/avr8-gnu-toolchain/bin/../lib/gcc/avr/5.4.0/../../../../avr/lib/avrxmega7\libm.a(floatsisf.o)
                              src/ASF/common/services/sensors/drivers/akm/ak8975.o (__floatsisf)
e:/softwares/installed/atmel/studio/7.0/toolchain/avr8/avr8-gnu-toolchain/bin/../lib/gcc/avr/5.4.0/../../../../avr/lib/avrxmega7\libm.a(floatundisf.o)
                              src/ASF/common/services/sensors/drivers/bosch/bmp.o (__floatundisf)
e:/softwares/installed/atmel/studio/7.0/toolchain/avr8/avr8-gnu-toolchain/bin/../lib/gcc/avr/5.4.0/../../../../avr/lib/avrxmega7\libm.a(fp_arccos.o)
                              e:/softwares/installed/atmel/studio/7.0/toolchain/avr8/avr8-gnu-toolchain/bin/../lib/gcc/avr/5.4.0/../../../../avr/lib/avrxmega7\libm.a(asin.o) (__fp_arccos)
e:/softwares/installed/atmel/studio/7.0/toolchain/avr8/avr8-gnu-toolchain/bin/../lib/gcc/avr/5.4.0/../../../../avr/lib/avrxmega7\libm.a(fp_cmp.o)
                              e:/softwares/installed/atmel/studio/7.0/toolchain/avr8/avr8-gnu-toolchain/bin/../lib/gcc/avr/5.4.0/../../../../avr/lib/avrxmega7\libm.a(cmpsf2.o) (__fp_cmp)
e:/softwares/installed/atmel/studio/7.0/toolchain/avr8/avr8-gnu-toolchain/bin/../lib/gcc/avr/5.4.0/../../../../avr/lib/avrxmega7\libm.a(fp_inf.o)
                              e:/softwares/installed/atmel/studio/7.0/toolchain/avr8/avr8-gnu-toolchain/bin/../lib/gcc/avr/5.4.0/../../../../avr/lib/avrxmega7\libm.a(addsf3x.o) (__fp_inf)
e:/softwares/installed/atmel/studio/7.0/toolchain/avr8/avr8-gnu-toolchain/bin/../lib/gcc/avr/5.4.0/../../../../avr/lib/avrxmega7\libm.a(fp_nan.o)
                              e:/softwares/installed/atmel/studio/7.0/toolchain/avr8/avr8-gnu-toolchain/bin/../lib/gcc/avr/5.4.0/../../../../avr/lib/avrxmega7\libm.a(addsf3x.o) (__fp_nan)
[...]
Memory Configuration

Name             Origin             Length             Attributes
text             0x00000000         0x00100000         xr
data             0x00802000         0x0000ffa0         rw !x
eeprom           0x00810000         0x00010000         rw !x
fuse             0x00820000         0x00000006         rw !x
lock             0x00830000         0x00000400         rw !x
signature        0x00840000         0x00000400         rw !x
user_signatures  0x00850000         0x00000400         rw !x
*default*        0x00000000         0xffffffff

Linker script and memory map

LOAD E:/Softwares/Installed/Atmel/Studio/7.0/Packs/atmel/XMEGAA_DFP/1.1.68/gcc/dev/atxmega128a1/avrxmega7/crtatxmega128a1.o
LOAD src/ASF/common/boards/sensors_xplained/sensors_xplained.o
LOAD src/ASF/common/services/sensors/drivers/akm/ak8975.o
LOAD src/ASF/common/services/sensors/drivers/bosch/bma020.o
LOAD src/ASF/common/services/sensors/drivers/bosch/bma150.o
LOAD src/ASF/common/services/sensors/drivers/bosch/bma180.o
LOAD src/ASF/common/services/sensors/drivers/bosch/bma220.o
LOAD src/ASF/common/services/sensors/drivers/bosch/bma222.o
LOAD src/ASF/common/services/sensors/drivers/bosch/bma250.o
LOAD src/ASF/common/services/sensors/drivers/bosch/bma_axis.inc.o
LOAD src/ASF/common/services/sensors/drivers/bosch/bmp.o
LOAD src/ASF/common/services/sensors/drivers/honeywell/hmc5883l.o
LOAD src/ASF/common/services/sensors/drivers/invensense/imu3000.o
LOAD src/ASF/common/services/sensors/drivers/invensense/itg3200.o
LOAD src/ASF/common/services/sensors/drivers/kionix/kxtf9.o
LOAD src/ASF/common/services/sensors/drivers/osram/sfh5712.o
LOAD src/ASF/common/services/sensors/drivers/osram/sfh7770.o
LOAD src/ASF/common/services/sensors/physics/physics.o
LOAD src/ASF/common/services/sensors/sensor.o
LOAD src/ASF/common/services/sensors/sensor_bus.o
LOAD src/ASF/common/services/sensors/sensor_nvram.o
LOAD src/ASF/common/services/sensors/sensor_platform.o
LOAD src/ASF/xmega/drivers/adc/adc.o
LOAD src/ASF/xmega/drivers/dac/dac.o
LOAD src/ASF/xmega/drivers/tc/tc.o
LOAD src/ASF/xmega/drivers/twi/twim.o
LOAD src/ASF/xmega/drivers/twi/twis.o
LOAD src/ASF/xmega/drivers/usart/usart.o
LOAD src/ASF/xmega/drivers/adc/xmega_aau/adc_aau.o
LOAD src/ASF/common/services/sleepmgr/xmega/sleepmgr.o
LOAD src/ASF/common/services/clock/xmega/sysclk.o
LOAD src/ASF/xmega/drivers/nvm/nvm.o
LOAD src/ASF/xmega/drivers/nvm/nvm_asm.o
LOAD src/ASF/xmega/drivers/cpu/ccp.o
LOAD src/ASF/common/services/ioport/xmega/ioport_compat.o
LOAD src/ASF/xmega/boards/xmega_a1_xplained/init.o
LOAD src/main.o
START GROUP
LOAD e:/softwares/installed/atmel/studio/7.0/toolchain/avr8/avr8-gnu-toolchain/bin/../lib/gcc/avr/5.4.0/../../../../avr/lib/avrxmega7\libm.a
END GROUP
Address of section .BOOT set to 0x20000
START GROUP
LOAD e:/softwares/installed/atmel/studio/7.0/toolchain/avr8/avr8-gnu-toolchain/bin/../lib/gcc/avr/5.4.0/avrxmega7\libgcc.a
LOAD e:/softwares/installed/atmel/studio/7.0/toolchain/avr8/avr8-gnu-toolchain/bin/../lib/gcc/avr/5.4.0/../../../../avr/lib/avrxmega7\libm.a
LOAD e:/softwares/installed/atmel/studio/7.0/toolchain/avr8/avr8-gnu-toolchain/bin/../lib/gcc/avr/5.4.0/../../../../avr/lib/avrxmega7\libc.a
LOAD E:/Softwares/Installed/Atmel/Studio/7.0/Packs/atmel/XMEGAA_DFP/1.1.68/gcc/dev/atxmega128a1/avrxmega7\libatxmega128a1.a
END GROUP
                0x00100000                __TEXT_REGION_LENGTH__ = DEFINED (__TEXT_REGION_LENGTH__)?__TEXT_REGION_LENGTH__:0x100000
                0x0000ffa0                __DATA_REGION_LENGTH__ = DEFINED (__DATA_REGION_LENGTH__)?__DATA_REGION_LENGTH__:0xffa0
                0x00010000                __EEPROM_REGION_LENGTH__ = DEFINED (__EEPROM_REGION_LENGTH__)?__EEPROM_REGION_LENGTH__:0x10000
                [0x00000006]                __FUSE_REGION_LENGTH__ = DEFINED (__FUSE_REGION_LENGTH__)?__FUSE_REGION_LENGTH__:0x400
                0x00000400                __LOCK_REGION_LENGTH__ = DEFINED (__LOCK_REGION_LENGTH__)?__LOCK_REGION_LENGTH__:0x400
                0x00000400                __SIGNATURE_REGION_LENGTH__ = DEFINED (__SIGNATURE_REGION_LENGTH__)?__SIGNATURE_REGION_LENGTH__:0x400
                0x00000400                __USER_SIGNATURE_REGION_LENGTH__ = DEFINED (__USER_SIGNATURE_REGION_LENGTH__)?__USER_SIGNATURE_REGION_LENGTH__:0x400

.hash
 *(.hash)

.dynsym
 *(.dynsym)

.dynstr
 *(.dynstr)

.gnu.version
 *(.gnu.version)

.gnu.version_d
 *(.gnu.version_d)

.gnu.version_r
 *(.gnu.version_r)

.rel.init
 *(.rel.init)

.rela.init
 *(.rela.init)

.rel.text
 *(.rel.text)
 *(.rel.text.*)
 *(.rel.gnu.linkonce.t*)

.rela.text
 *(.rela.text)
 *(.rela.text.*)
 *(.rela.gnu.linkonce.t*)

.rel.fini
 *(.rel.fini)

.rela.fini
 *(.rela.fini)

.rel.rodata
 *(.rel.rodata)
 *(.rel.rodata.*)
 *(.rel.gnu.linkonce.r*)

.rela.rodata
 *(.rela.rodata)
 *(.rela.rodata.*)
 *(.rela.gnu.linkonce.r*)

.rel.data
 *(.rel.data)
 *(.rel.data.*)
 *(.rel.gnu.linkonce.d*)

.rela.data
 *(.rela.data)
 *(.rela.data.*)
 *(.rela.gnu.linkonce.d*)

.rel.ctors
 *(.rel.ctors)

.rela.ctors
 *(.rela.ctors)

.rel.dtors
 *(.rel.dtors)

.rela.dtors
 *(.rela.dtors)

.rel.got
 *(.rel.got)

.rela.got
 *(.rela.got)

.rel.bss
 *(.rel.bss)

.rela.bss
 *(.rela.bss)

.rel.plt
 *(.rel.plt)

.rela.plt
 *(.rela.plt)

.text           0x00000000     0x453c
 *(.vectors)
 .vectors       0x00000000      0x1f4 E:/Softwares/Installed/Atmel/Studio/7.0/Packs/atmel/XMEGAA_DFP/1.1.68/gcc/dev/atxmega128a1/avrxmega7/crtatxmega128a1.o
                0x00000000                __vector_default
                0x00000000                __vectors
 *(.vectors)
 *(.progmem.gcc*)
 .progmem.gcc_sw_table.sfh7770_ioctl
                0x000001f4       0x1c src/ASF/common/services/sensors/drivers/osram/sfh7770.o
                0x00000210                . = ALIGN (0x2)
                0x00000210                __trampolines_start = .
 *(.trampolines)
 .trampolines   0x00000210        0x0 linker stubs
 *(.trampolines*)
                0x00000210                __trampolines_end = .
 *libprintf_flt.a:*(.progmem.data)
 *libc.a:*(.progmem.data)
 *(.progmem*)
                0x00000210                . = ALIGN (0x2)
 *(.jumptables)
 *(.jumptables*)
 *(.lowtext)
 *(.lowtext*)
                0x00000210                __ctors_start = .
 *(.ctors)
                0x00000210                __ctors_end = .
                0x00000210                __dtors_start = .
 *(.dtors)
                0x00000210                __dtors_end = .
 SORT(*)(.ctors)
 SORT(*)(.dtors)
 *(.init0)
 .init0         0x00000210        0x0 E:/Softwares/Installed/Atmel/Studio/7.0/Packs/atmel/XMEGAA_DFP/1.1.68/gcc/dev/atxmega128a1/avrxmega7/crtatxmega128a1.o
                0x00000210                __init
 *(.init0)
 *(.init1)
 *(.init1)
 *(.init2)
 .init2         0x00000210       0x18 E:/Softwares/Installed/Atmel/Studio/7.0/Packs/atmel/XMEGAA_DFP/1.1.68/gcc/dev/atxmega128a1/avrxmega7/crtatxmega128a1.o
 *(.init2)
 *(.init3)
 *(.init3)
 *(.init4)
 .init4         0x00000228       0x1c e:/softwares/installed/atmel/studio/7.0/toolchain/avr8/avr8-gnu-toolchain/bin/../lib/gcc/avr/5.4.0/avrxmega7\libgcc.a(_copy_data.o)
                0x00000228                __do_copy_data
 .init4         0x00000244       0x10 e:/softwares/installed/atmel/studio/7.0/toolchain/avr8/avr8-gnu-toolchain/bin/../lib/gcc/avr/5.4.0/avrxmega7\libgcc.a(_clear_bss.o)
                0x00000244                __do_clear_bss
 *(.init4)
 *(.init5)
 *(.init5)
 *(.init6)
 *(.init6)
 *(.init7)
 *(.init7)
 *(.init8)
 *(.init8)
 *(.init9)
 .init9         0x00000254        0x8 E:/Softwares/Installed/Atmel/Studio/7.0/Packs/atmel/XMEGAA_DFP/1.1.68/gcc/dev/atxmega128a1/avrxmega7/crtatxmega128a1.o
 *(.init9)
 *(.text)
 .text          0x0000025c        0x2 E:/Softwares/Installed/Atmel/Studio/7.0/Packs/atmel/XMEGAA_DFP/1.1.68/gcc/dev/atxmega128a1/avrxmega7/crtatxmega128a1.o
                0x0000025c                __vector_38
                0x0000025c                __vector_63
                0x0000025c                __vector_28
                0x0000025c                __vector_67
                0x0000025c                __vector_1
                0x0000025c                __vector_119
                0x0000025c                __vector_32
                0x0000025c                __vector_75
                0x0000025c                __vector_91
                0x0000025c                __vector_34
                0x0000025c                __vector_62
                0x0000025c                __vector_102
                0x0000025c                __vector_24
                0x0000025c                __vector_12
                0x0000025c                __vector_69
                0x0000025c                __vector_90
                0x0000025c                __bad_interrupt
                0x0000025c                __vector_122
                0x0000025c                __vector_6
                0x0000025c                __vector_31
                0x0000025c                __vector_92
                0x0000025c                __vector_35
                0x0000025c                __vector_3
                0x0000025c                __vector_105
                0x0000025c                __vector_98
                0x0000025c                __vector_68
                0x0000025c                __vector_30
                0x0000025c                __vector_45
                0x0000025c                __vector_25
                0x0000025c                __vector_93
                0x0000025c                __vector_61
                0x0000025c                __vector_11
                0x0000025c                __vector_99
                0x0000025c                __vector_7
                0x0000025c                __vector_123
                0x0000025c                __vector_100
                0x0000025c                __vector_101
                0x0000025c                __vector_64
                0x0000025c                __vector_88
                0x0000025c                __vector_43
                0x0000025c                __vector_27
                0x0000025c                __vector_5
                0x0000025c                __vector_33
                0x0000025c                __vector_37
                0x0000025c                __vector_95
                0x0000025c                __vector_103
                0x0000025c                __vector_96
                0x0000025c                __vector_89
                0x0000025c                __vector_4
                0x0000025c                __vector_44
                0x0000025c                __vector_106
                0x0000025c                __vector_118
                0x0000025c                __vector_9
                0x0000025c                __vector_2
                0x0000025c                __vector_66
                0x0000025c                __vector_36
                0x0000025c                __vector_58
                0x0000025c                __vector_70
                0x0000025c                __vector_29
                0x0000025c                __vector_60
                0x0000025c                __vector_121
                0x0000025c                __vector_94
                0x0000025c                __vector_8
                0x0000025c                __vector_26
                0x0000025c                __vector_124
                0x0000025c                __vector_57
                0x0000025c                __vector_10
                0x0000025c                __vector_59
                0x0000025c                __vector_97
                0x0000025c                __vector_87
                0x0000025c                __vector_65
                0x0000025c                __vector_120
                0x0000025e                . = ALIGN (0x2)
 *(.text.*)
 .text.__vector_104
                0x0000025e       0xc6 src/ASF/common/boards/sensors_xplained/sensors_xplained.o
                0x0000025e                __vector_104
 .text.sensor_board_irq_connect
                0x00000324      0x100 src/ASF/common/boards/sensors_xplained/sensors_xplained.o
                0x00000324                sensor_board_irq_connect
 .text.sensor_board_init
                0x00000424       0x1a src/ASF/common/boards/sensors_xplained/sensors_xplained.o
                0x00000424                sensor_board_init
 .text.sfh7770_event
                0x0000043e      0x128 src/ASF/common/services/sensors/drivers/osram/sfh7770.o
 .text.sfh7770_read
                0x00000566      0x168 src/ASF/common/services/sensors/drivers/osram/sfh7770.o
 .text.sfh7770_isr
                0x000006ce      0x1ba src/ASF/common/services/sensors/drivers/osram/sfh7770.o
 .text.sfh7770_ioctl
                0x00000888      0x456 src/ASF/common/services/sensors/drivers/osram/sfh7770.o
 .text.sfh7770_calibrate
                0x00000cde      0x108 src/ASF/common/services/sensors/drivers/osram/sfh7770.o
 .text.sfh7770_init
                0x00000de6      0x16a src/ASF/common/services/sensors/drivers/osram/sfh7770.o
                0x00000de6                sfh7770_init
 .text.default_event_handler
                0x00000f50        0x2 src/ASF/common/services/sensors/sensor.o
                0x00000f50                default_event_handler
 .text.sensor_attach
                0x00000f52       0x66 src/ASF/common/services/sensors/sensor.o
                0x00000f52                sensor_attach
 .text.sensor_read
                0x00000fb8       0x48 src/ASF/common/services/sensors/sensor.o
                0x00000fb8                sensor_read
 .text.sensor_ioctl
                0x00001000      0x252 src/ASF/common/services/sensors/sensor.o
                0x00001000                sensor_ioctl
 .text.bus_init
                0x00001252      0x33a src/ASF/common/services/sensors/sensor_bus.o
                0x00001252                bus_init
 .text.bus_read
                0x0000158c       0x84 src/ASF/common/services/sensors/sensor_bus.o
                0x0000158c                bus_read
 .text.bus_write
                0x00001610       0x84 src/ASF/common/services/sensors/sensor_bus.o
                0x00001610                bus_write
 .text.nvram_write
                0x00001694       0x2c src/ASF/common/services/sensors/sensor_nvram.o
                0x00001694                nvram_write
 .text.nvram_read
                0x000016c0       0x26 src/ASF/common/services/sensors/sensor_nvram.o
                0x000016c0                nvram_read
 .text.__portable_avr_delay_cycles
                0x000016e6       0x16 src/ASF/common/services/sensors/sensor_platform.o
 .text.sensor_timestamp
                0x000016fc        0x8 src/ASF/common/services/sensors/sensor_platform.o
                0x000016fc                sensor_timestamp
 .text.sensor_irq_connect
                0x00001704        0x6 src/ASF/common/services/sensors/sensor_platform.o
                0x00001704                sensor_irq_connect
 .text.sensor_find
                0x0000170a       0x1e src/ASF/common/services/sensors/sensor_platform.o
                0x0000170a                sensor_find
 .text.sensor_platform_init
                0x00001728       0x2a src/ASF/common/services/sensors/sensor_platform.o
                0x00001728                sensor_platform_init
 .text.adc_set_callback
                0x00001752       0x40 src/ASF/xmega/drivers/adc/adc.o
                0x00001752                adc_set_callback
 .text.adc_enable_clock
                0x00001792       0x42 src/ASF/xmega/drivers/adc/adc.o
                0x00001792                adc_enable_clock
 .text.adc_disable_clock
                0x000017d4       0x3e src/ASF/xmega/drivers/adc/adc.o
                0x000017d4                adc_disable_clock
 .text.adc_enable
                0x00001812       0x58 src/ASF/xmega/drivers/adc/adc.o
                0x00001812                adc_enable
 .text.__vector_14
                0x0000186a       0x70 src/ASF/xmega/drivers/tc/tc.o
                0x0000186a                __vector_14
 .text.__vector_15
                0x000018da       0x70 src/ASF/xmega/drivers/tc/tc.o
                0x000018da                __vector_15
 .text.__vector_16
                0x0000194a       0x70 src/ASF/xmega/drivers/tc/tc.o
                0x0000194a                __vector_16
 .text.__vector_17
                0x000019ba       0x70 src/ASF/xmega/drivers/tc/tc.o
                0x000019ba                __vector_17
 .text.__vector_18
                0x00001a2a       0x70 src/ASF/xmega/drivers/tc/tc.o
                0x00001a2a                __vector_18
 .text.__vector_19
                0x00001a9a       0x70 src/ASF/xmega/drivers/tc/tc.o
                0x00001a9a                __vector_19
 .text.__vector_20
                0x00001b0a       0x70 src/ASF/xmega/drivers/tc/tc.o
                0x00001b0a                __vector_20
 .text.__vector_21
                0x00001b7a       0x70 src/ASF/xmega/drivers/tc/tc.o
                0x00001b7a                __vector_21
 .text.__vector_22
                0x00001bea       0x70 src/ASF/xmega/drivers/tc/tc.o
                0x00001bea                __vector_22
 .text.__vector_23
                0x00001c5a       0x70 src/ASF/xmega/drivers/tc/tc.o
                0x00001c5a                __vector_23
 .text.__vector_77
                0x00001cca       0x70 src/ASF/xmega/drivers/tc/tc.o
                0x00001cca                __vector_77
 .text.__vector_78
                0x00001d3a       0x70 src/ASF/xmega/drivers/tc/tc.o
                0x00001d3a                __vector_78
 .text.__vector_79
                0x00001daa       0x70 src/ASF/xmega/drivers/tc/tc.o
                0x00001daa                __vector_79
 .text.__vector_80
                0x00001e1a       0x70 src/ASF/xmega/drivers/tc/tc.o
                0x00001e1a                __vector_80
 .text.__vector_81
                0x00001e8a       0x70 src/ASF/xmega/drivers/tc/tc.o
                0x00001e8a                __vector_81
 .text.__vector_82
                0x00001efa       0x70 src/ASF/xmega/drivers/tc/tc.o
                0x00001efa                __vector_82
 .text.__vector_83
                0x00001f6a       0x70 src/ASF/xmega/drivers/tc/tc.o
                0x00001f6a                __vector_83
 .text.__vector_84
                0x00001fda       0x70 src/ASF/xmega/drivers/tc/tc.o
                0x00001fda                __vector_84
 .text.__vector_85
                0x0000204a       0x70 src/ASF/xmega/drivers/tc/tc.o
                0x0000204a                __vector_85
 .text.__vector_86
                0x000020ba       0x70 src/ASF/xmega/drivers/tc/tc.o
                0x000020ba                __vector_86
 .text.__vector_47
                0x0000212a       0x70 src/ASF/xmega/drivers/tc/tc.o
                0x0000212a                __vector_47
 .text.__vector_48
                0x0000219a       0x70 src/ASF/xmega/drivers/tc/tc.o
                0x0000219a                __vector_48
 .text.__vector_49
                0x0000220a       0x70 src/ASF/xmega/drivers/tc/tc.o
                0x0000220a                __vector_49
 .text.__vector_50
                0x0000227a       0x70 src/ASF/xmega/drivers/tc/tc.o
                0x0000227a                __vector_50
 .text.__vector_51
                0x000022ea       0x70 src/ASF/xmega/drivers/tc/tc.o
                0x000022ea                __vector_51
 .text.__vector_52
                0x0000235a       0x70 src/ASF/xmega/drivers/tc/tc.o
                0x0000235a                __vector_52
 .text.__vector_53
                0x000023ca       0x70 src/ASF/xmega/drivers/tc/tc.o
                0x000023ca                __vector_53
 .text.__vector_54
                0x0000243a       0x70 src/ASF/xmega/drivers/tc/tc.o
                0x0000243a                __vector_54
 .text.__vector_55
                0x000024aa       0x70 src/ASF/xmega/drivers/tc/tc.o
                0x000024aa                __vector_55
 .text.__vector_56
                0x0000251a       0x70 src/ASF/xmega/drivers/tc/tc.o
                0x0000251a                __vector_56
 .text.__vector_108
                0x0000258a       0x70 src/ASF/xmega/drivers/tc/tc.o
                0x0000258a                __vector_108
 .text.__vector_109
                0x000025fa       0x70 src/ASF/xmega/drivers/tc/tc.o
                0x000025fa                __vector_109
 .text.__vector_110
                0x0000266a       0x70 src/ASF/xmega/drivers/tc/tc.o
                0x0000266a                __vector_110
 .text.__vector_111
                0x000026da       0x70 src/ASF/xmega/drivers/tc/tc.o
                0x000026da                __vector_111
 .text.__vector_112
                0x0000274a       0x70 src/ASF/xmega/drivers/tc/tc.o
                0x0000274a                __vector_112
 .text.__vector_113
                0x000027ba       0x70 src/ASF/xmega/drivers/tc/tc.o
                0x000027ba                __vector_113
 .text.__vector_114
                0x0000282a       0x70 src/ASF/xmega/drivers/tc/tc.o
                0x0000282a                __vector_114
 .text.__vector_115
                0x0000289a       0x70 src/ASF/xmega/drivers/tc/tc.o
                0x0000289a                __vector_115
 .text.__vector_116
                0x0000290a       0x70 src/ASF/xmega/drivers/tc/tc.o
                0x0000290a                __vector_116
 .text.__vector_117
                0x0000297a       0x70 src/ASF/xmega/drivers/tc/tc.o
                0x0000297a                __vector_117
 .text.twim_interrupt_handler
                0x000029ea      0x12e src/ASF/xmega/drivers/twi/twim.o
 .text.__vector_13
                0x00002b18       0x64 src/ASF/xmega/drivers/twi/twim.o
                0x00002b18                __vector_13
 .text.__vector_76
                0x00002b7c       0x64 src/ASF/xmega/drivers/twi/twim.o
                0x00002b7c                __vector_76
 .text.__vector_46
                0x00002be0       0x64 src/ASF/xmega/drivers/twi/twim.o
                0x00002be0                __vector_46
 .text.__vector_107
                0x00002c44       0x64 src/ASF/xmega/drivers/twi/twim.o
                0x00002c44                __vector_107
 .text.twi_master_init
                0x00002ca8       0x2a src/ASF/xmega/drivers/twi/twim.o
                0x00002ca8                twi_master_init
 .text.twi_master_transfer
                0x00002cd2       0xc8 src/ASF/xmega/drivers/twi/twim.o
                0x00002cd2                twi_master_transfer
 .text.usart_putchar
                0x00002d9a       0x10 src/ASF/xmega/drivers/usart/usart.o
                0x00002d9a                usart_putchar
 .text.usart_set_baudrate
                0x00002daa      0x222 src/ASF/xmega/drivers/usart/usart.o
                0x00002daa                usart_set_baudrate
 .text.usart_init_rs232
                0x00002fcc      0x2c2 src/ASF/xmega/drivers/usart/usart.o
                0x00002fcc                usart_init_rs232
 .text.__vector_71
                0x0000328e       0x7a src/ASF/xmega/drivers/adc/xmega_aau/adc_aau.o
                0x0000328e                __vector_71
 .text.__vector_72
                0x00003308       0x7a src/ASF/xmega/drivers/adc/xmega_aau/adc_aau.o
                0x00003308                __vector_72
 .text.__vector_73
                0x00003382       0x7a src/ASF/xmega/drivers/adc/xmega_aau/adc_aau.o
                0x00003382                __vector_73
 .text.__vector_74
                0x000033fc       0x7a src/ASF/xmega/drivers/adc/xmega_aau/adc_aau.o
                0x000033fc                __vector_74
 .text.__vector_39
                0x00003476       0x7a src/ASF/xmega/drivers/adc/xmega_aau/adc_aau.o
                0x00003476                __vector_39
 .text.__vector_40
                0x000034f0       0x7a src/ASF/xmega/drivers/adc/xmega_aau/adc_aau.o
                0x000034f0                __vector_40
 .text.__vector_41
                0x0000356a       0x7a src/ASF/xmega/drivers/adc/xmega_aau/adc_aau.o
                0x0000356a                __vector_41
 .text.__vector_42
                0x000035e4       0x7a src/ASF/xmega/drivers/adc/xmega_aau/adc_aau.o
                0x000035e4                __vector_42
 .text.adc_write_configuration
                0x0000365e       0xd0 src/ASF/xmega/drivers/adc/xmega_aau/adc_aau.o
                0x0000365e                adc_write_configuration
 .text.adc_read_configuration
                0x0000372e       0x76 src/ASF/xmega/drivers/adc/xmega_aau/adc_aau.o
                0x0000372e                adc_read_configuration
 .text.adcch_write_configuration
                0x000037a4       0x9a src/ASF/xmega/drivers/adc/xmega_aau/adc_aau.o
                0x000037a4                adcch_write_configuration
 .text.adcch_read_configuration
                0x0000383e       0x9a src/ASF/xmega/drivers/adc/xmega_aau/adc_aau.o
                0x0000383e                adcch_read_configuration
 .text.sysclk_init
                0x000038d8       0xa0 src/ASF/common/services/clock/xmega/sysclk.o
                0x000038d8                sysclk_init
 .text.sysclk_enable_module
                0x00003978       0x2c src/ASF/common/services/clock/xmega/sysclk.o
                0x00003978                sysclk_enable_module
 .text.sysclk_disable_module
                0x000039a4       0x2a src/ASF/common/services/clock/xmega/sysclk.o
                0x000039a4                sysclk_disable_module
 .text.nvm_user_sig_read_buffer
                0x000039ce       0x3a src/ASF/xmega/drivers/nvm/nvm.o
                0x000039ce                nvm_user_sig_read_buffer
 .text.nvm_user_sig_write_buffer
                0x00003a08      0x14a src/ASF/xmega/drivers/nvm/nvm.o
                0x00003a08                nvm_user_sig_write_buffer
 .text.nvm_read_byte
                0x00003b52       0x14 src/ASF/xmega/drivers/nvm/nvm_asm.o
                0x00003b52                nvm_read_byte
 .text.ccp_write_io
                0x00003b66        0xc src/ASF/xmega/drivers/cpu/ccp.o
                0x00003b66                ccp_write_io
 .text.ioport_configure_port_pin
                0x00003b72       0x4e src/ASF/common/services/ioport/xmega/ioport_compat.o
                0x00003b72                ioport_configure_port_pin
 .text.board_init
                0x00003bc0      0x186 src/ASF/xmega/boards/xmega_a1_xplained/init.o
                0x00003bc0                board_init
 .text.adc_handler
                0x00003d46       0x20 src/main.o
 .text.publishUSARTMessage
                0x00003d66       0x2c src/main.o
                0x00003d66                publishUSARTMessage
 .text.main     0x00003d92      0x17a src/main.o
                0x00003d92                main
 .text.libgcc.div
                0x00003f0c       0x44 e:/softwares/installed/atmel/studio/7.0/toolchain/avr8/avr8-gnu-toolchain/bin/../lib/gcc/avr/5.4.0/avrxmega7\libgcc.a(_udivmodsi4.o)
                0x00003f0c                __udivmodsi4
 .text.libgcc   0x00003f50       0x12 e:/softwares/installed/atmel/studio/7.0/toolchain/avr8/avr8-gnu-toolchain/bin/../lib/gcc/avr/5.4.0/avrxmega7\libgcc.a(_tablejump2.o)
                0x00003f50                __tablejump2__
 .text.libgcc.mul
                0x00003f62       0x1e e:/softwares/installed/atmel/studio/7.0/toolchain/avr8/avr8-gnu-toolchain/bin/../lib/gcc/avr/5.4.0/avrxmega7\libgcc.a(_umulhisi3.o)
                0x00003f62                __umulhisi3
 .text.avr-libc
                0x00003f80       0x1a e:/softwares/installed/atmel/studio/7.0/toolchain/avr8/avr8-gnu-toolchain/bin/../lib/gcc/avr/5.4.0/../../../../avr/lib/avrxmega7\libc.a(memcmp.o)
                0x00003f80                memcmp
 .text.avr-libc
                0x00003f9a       0x50 e:/softwares/installed/atmel/studio/7.0/toolchain/avr8/avr8-gnu-toolchain/bin/../lib/gcc/avr/5.4.0/../../../../avr/lib/avrxmega7\libc.a(sprintf.o)
                0x00003f9a                sprintf
 .text.avr-libc
                0x00003fea      0x3ee e:/softwares/installed/atmel/studio/7.0/toolchain/avr8/avr8-gnu-toolchain/bin/../lib/gcc/avr/5.4.0/../../../../avr/lib/avrxmega7\libc.a(vfprintf_std.o)
                0x00003fea                vfprintf
 .text.avr-libc
                0x000043d8       0x16 e:/softwares/installed/atmel/studio/7.0/toolchain/avr8/avr8-gnu-toolchain/bin/../lib/gcc/avr/5.4.0/../../../../avr/lib/avrxmega7\libc.a(strnlen_P.o)
                0x000043d8                strnlen_P
 .text.avr-libc
                0x000043ee       0x16 e:/softwares/installed/atmel/studio/7.0/toolchain/avr8/avr8-gnu-toolchain/bin/../lib/gcc/avr/5.4.0/../../../../avr/lib/avrxmega7\libc.a(strnlen.o)
                0x000043ee                strnlen
 .text.avr-libc
                0x00004404       0x78 e:/softwares/installed/atmel/studio/7.0/toolchain/avr8/avr8-gnu-toolchain/bin/../lib/gcc/avr/5.4.0/../../../../avr/lib/avrxmega7\libc.a(fputc.o)
                0x00004404                fputc
 .text.avr-libc
                0x0000447c       0xbc e:/softwares/installed/atmel/studio/7.0/toolchain/avr8/avr8-gnu-toolchain/bin/../lib/gcc/avr/5.4.0/../../../../avr/lib/avrxmega7\libc.a(ultoa_invert.o)
                0x0000447c                __ultoa_invert
                0x00004538                . = ALIGN (0x2)
 *(.fini9)
 .fini9         0x00004538        0x0 e:/softwares/installed/atmel/studio/7.0/toolchain/avr8/avr8-gnu-toolchain/bin/../lib/gcc/avr/5.4.0/avrxmega7\libgcc.a(_exit.o)
                0x00004538                _exit
                0x00004538                exit
 *(.fini9)
 *(.fini8)
 *(.fini8)
 *(.fini7)
 *(.fini7)
 *(.fini6)
 *(.fini6)
 *(.fini5)
 *(.fini5)
 *(.fini4)
 *(.fini4)
 *(.fini3)
 *(.fini3)
 *(.fini2)
 *(.fini2)
 *(.fini1)
 *(.fini1)
 *(.fini0)
 .fini0         0x00004538        0x4 e:/softwares/installed/atmel/studio/7.0/toolchain/avr8/avr8-gnu-toolchain/bin/../lib/gcc/avr/5.4.0/avrxmega7\libgcc.a(_exit.o)
 *(.fini0)
                0x0000453c                _etext = .

.data           0x00802000       0xfe load address 0x0000453c
                0x00802000                PROVIDE (__data_start, .)
 *(.data)
 *(.data*)
 .data.event_data.6807
                0x00802000       0x15 src/ASF/common/services/sensors/drivers/osram/sfh7770.o
 .data.event_cb
                0x00802015        0xc src/ASF/common/services/sensors/drivers/osram/sfh7770.o
 .data.sensor_dev_list.6666
                0x00802021       0x22 src/ASF/common/services/sensors/sensor_platform.o
 .data.light_data.6877
                0x00802043       0x11 src/main.o
 .data.USART_SERIAL_OPTIONS.6878
                0x00802054        0x7 src/main.o
 .data.tempArray
                0x0080205b        0xf src/main.o
                0x0080205b                tempArray
 *(.gnu.linkonce.d*)
 *(.rodata)
 *(.rodata*)
 .rodata.str1.1
                0x0080206a       0x29 src/ASF/common/services/sensors/drivers/osram/sfh7770.o
 .rodata.sfh7770_device.6789
                0x00802093       0x19 src/ASF/common/services/sensors/drivers/osram/sfh7770.o
 .rodata.prox_rate_table
                0x008020ac       0x1e src/ASF/common/services/sensors/drivers/osram/sfh7770.o
 .rodata.light_rate_table
                0x008020ca        0xf src/ASF/common/services/sensors/drivers/osram/sfh7770.o
 .rodata.current_table
                0x008020d9       0x15 src/ASF/common/services/sensors/drivers/osram/sfh7770.o
 .rodata.str1.1
                0x008020ee       0x10 src/main.o
 *(.gnu.linkonce.r*)
                0x008020fe                . = ALIGN (0x2)
                0x008020fe                _edata = .
                0x008020fe                PROVIDE (__data_end, .)

.bss            0x008020fe       0x7f
                0x008020fe                PROVIDE (__bss_start, .)
 *(.bss)
 *(.bss*)
 .bss.sensor_pin5_arg
                0x008020fe        0x2 src/ASF/common/boards/sensors_xplained/sensors_xplained.o
 .bss.sensor_pin5_handler
                0x00802100        0x2 src/ASF/common/boards/sensors_xplained/sensors_xplained.o
 .bss.sensor_pin4_arg
                0x00802102        0x2 src/ASF/common/boards/sensors_xplained/sensors_xplained.o
 .bss.sensor_pin4_handler
                0x00802104        0x2 src/ASF/common/boards/sensors_xplained/sensors_xplained.o
 .bss.sensor_pin3_arg
                0x00802106        0x2 src/ASF/common/boards/sensors_xplained/sensors_xplained.o
 .bss.sensor_pin3_handler
                0x00802108        0x2 src/ASF/common/boards/sensors_xplained/sensors_xplained.o
 .bss.prox_data.6954
                0x0080210a        0x3 src/ASF/common/services/sensors/drivers/osram/sfh7770.o
 .bss.sfh7770_initialized
                0x0080210d        0x1 src/ASF/common/services/sensors/drivers/osram/sfh7770.o
 .bss.low_light_threshold
                0x0080210e        0x2 src/ASF/common/services/sensors/drivers/osram/sfh7770.o
 .bss.high_light_threshold
                0x00802110        0x2 src/ASF/common/services/sensors/drivers/osram/sfh7770.o
 .bss.adcb_enable_count
                0x00802112        0x1 src/ASF/xmega/drivers/adc/adc.o
 .bss.adca_enable_count
                0x00802113        0x1 src/ASF/xmega/drivers/adc/adc.o
 .bss.tc_tcf1_ccb_callback
                0x00802114        0x2 src/ASF/xmega/drivers/tc/tc.o
 .bss.tc_tcf1_cca_callback
                0x00802116        0x2 src/ASF/xmega/drivers/tc/tc.o
 .bss.tc_tcf1_err_callback
                0x00802118        0x2 src/ASF/xmega/drivers/tc/tc.o
 .bss.tc_tcf1_ovf_callback
                0x0080211a        0x2 src/ASF/xmega/drivers/tc/tc.o
 .bss.tc_tcf0_ccd_callback
                0x0080211c        0x2 src/ASF/xmega/drivers/tc/tc.o
 .bss.tc_tcf0_ccc_callback
                0x0080211e        0x2 src/ASF/xmega/drivers/tc/tc.o
 .bss.tc_tcf0_ccb_callback
                0x00802120        0x2 src/ASF/xmega/drivers/tc/tc.o
 .bss.tc_tcf0_cca_callback
                0x00802122        0x2 src/ASF/xmega/drivers/tc/tc.o
 .bss.tc_tcf0_err_callback
                0x00802124        0x2 src/ASF/xmega/drivers/tc/tc.o
 .bss.tc_tcf0_ovf_callback
                0x00802126        0x2 src/ASF/xmega/drivers/tc/tc.o
 .bss.tc_tce1_ccb_callback
                0x00802128        0x2 src/ASF/xmega/drivers/tc/tc.o
 .bss.tc_tce1_cca_callback
                0x0080212a        0x2 src/ASF/xmega/drivers/tc/tc.o
 .bss.tc_tce1_err_callback
                0x0080212c        0x2 src/ASF/xmega/drivers/tc/tc.o
 .bss.tc_tce1_ovf_callback
                0x0080212e        0x2 src/ASF/xmega/drivers/tc/tc.o
 .bss.tc_tce0_ccd_callback
                0x00802130        0x2 src/ASF/xmega/drivers/tc/tc.o
 .bss.tc_tce0_ccc_callback
                0x00802132        0x2 src/ASF/xmega/drivers/tc/tc.o
 .bss.tc_tce0_ccb_callback
                0x00802134        0x2 src/ASF/xmega/drivers/tc/tc.o
 .bss.tc_tce0_cca_callback
                0x00802136        0x2 src/ASF/xmega/drivers/tc/tc.o
 .bss.tc_tce0_err_callback
                0x00802138        0x2 src/ASF/xmega/drivers/tc/tc.o
 .bss.tc_tce0_ovf_callback
                0x0080213a        0x2 src/ASF/xmega/drivers/tc/tc.o
 .bss.tc_tcd1_ccb_callback
                0x0080213c        0x2 src/ASF/xmega/drivers/tc/tc.o
 .bss.tc_tcd1_cca_callback
                0x0080213e        0x2 src/ASF/xmega/drivers/tc/tc.o
 .bss.tc_tcd1_err_callback
                0x00802140        0x2 src/ASF/xmega/drivers/tc/tc.o
 .bss.tc_tcd1_ovf_callback
                0x00802142        0x2 src/ASF/xmega/drivers/tc/tc.o
 .bss.tc_tcd0_ccd_callback
                0x00802144        0x2 src/ASF/xmega/drivers/tc/tc.o
 .bss.tc_tcd0_ccc_callback
                0x00802146        0x2 src/ASF/xmega/drivers/tc/tc.o
 .bss.tc_tcd0_ccb_callback
                0x00802148        0x2 src/ASF/xmega/drivers/tc/tc.o
 .bss.tc_tcd0_cca_callback
                0x0080214a        0x2 src/ASF/xmega/drivers/tc/tc.o
 .bss.tc_tcd0_err_callback
                0x0080214c        0x2 src/ASF/xmega/drivers/tc/tc.o
 .bss.tc_tcd0_ovf_callback
                0x0080214e        0x2 src/ASF/xmega/drivers/tc/tc.o
 .bss.tc_tcc1_ccb_callback
                0x00802150        0x2 src/ASF/xmega/drivers/tc/tc.o
 .bss.tc_tcc1_cca_callback
                0x00802152        0x2 src/ASF/xmega/drivers/tc/tc.o
 .bss.tc_tcc1_err_callback
                0x00802154        0x2 src/ASF/xmega/drivers/tc/tc.o
 .bss.tc_tcc1_ovf_callback
                0x00802156        0x2 src/ASF/xmega/drivers/tc/tc.o
 .bss.tc_tcc0_ccd_callback
                0x00802158        0x2 src/ASF/xmega/drivers/tc/tc.o
 .bss.tc_tcc0_ccc_callback
                0x0080215a        0x2 src/ASF/xmega/drivers/tc/tc.o
 .bss.tc_tcc0_ccb_callback
                0x0080215c        0x2 src/ASF/xmega/drivers/tc/tc.o
 .bss.tc_tcc0_cca_callback
                0x0080215e        0x2 src/ASF/xmega/drivers/tc/tc.o
 .bss.tc_tcc0_err_callback
                0x00802160        0x2 src/ASF/xmega/drivers/tc/tc.o
 .bss.tc_tcc0_ovf_callback
                0x00802162        0x2 src/ASF/xmega/drivers/tc/tc.o
 .bss.transfer  0x00802164        0xb src/ASF/xmega/drivers/twi/twim.o
 .bss.last_temperature
                0x0080216f        0x2 src/main.o
 .bss.tempsense
                0x00802171        0x2 src/main.o
 *(COMMON)
 COMMON         0x00802173        0x4 src/ASF/xmega/drivers/adc/adc.o
                0x00802173                adcb_callback
                0x00802175                adca_callback
 COMMON         0x00802177        0x6 src/ASF/common/services/sleepmgr/xmega/sleepmgr.o
                0x00802177                sleepmgr_locks
                0x0080217d                PROVIDE (__bss_end, .)
                0x0000453c                __data_load_start = LOADADDR (.data)
                0x0000463a                __data_load_end = (__data_load_start + SIZEOF (.data))

.noinit         0x0080217d        0x0
                [!provide]                PROVIDE (__noinit_start, .)
 *(.noinit*)
                [!provide]                PROVIDE (__noinit_end, .)
                0x0080217d                _end = .
                [!provide]                PROVIDE (__heap_start, .)

.eeprom         0x00810000        0x0
 *(.eeprom*)
                0x00810000                __eeprom_end = .

.fuse
 *(.fuse)
 *(.lfuse)
 *(.hfuse)
 *(.efuse)

.lock
 *(.lock*)

.signature
 *(.signature*)

.user_signatures
 *(.user_signatures*)

.stab
 *(.stab)

.stabstr
 *(.stabstr)

.stab.excl
 *(.stab.excl)

.stab.exclstr
 *(.stab.exclstr)

.stab.index
 *(.stab.index)

.stab.indexstr
 *(.stab.indexstr)

.comment        0x00000000       0x5c
 *(.comment)
 .comment       0x00000000       0x30 src/ASF/common/boards/sensors_xplained/sensors_xplained.o
                                 0x31 (size before relaxing)
 .comment       0x00000030       0x31 src/ASF/common/services/sensors/drivers/osram/sfh7770.o
 .comment       0x00000030       0x31 src/ASF/common/services/sensors/sensor.o
 .comment       0x00000030       0x31 src/ASF/common/services/sensors/sensor_bus.o
 .comment       0x00000030       0x31 src/ASF/common/services/sensors/sensor_nvram.o
 .comment       0x00000030       0x31 src/ASF/common/services/sensors/sensor_platform.o
 .comment       0x00000030       0x31 src/ASF/xmega/drivers/adc/adc.o
 .comment       0x00000030       0x31 src/ASF/xmega/drivers/tc/tc.o
 .comment       0x00000030       0x31 src/ASF/xmega/drivers/twi/twim.o
 .comment       0x00000030       0x31 src/ASF/xmega/drivers/usart/usart.o
 .comment       0x00000030       0x31 src/ASF/xmega/drivers/adc/xmega_aau/adc_aau.o
 .comment       0x00000030       0x31 src/ASF/common/services/sleepmgr/xmega/sleepmgr.o
 .comment       0x00000030       0x31 src/ASF/common/services/clock/xmega/sysclk.o
 .comment       0x00000030       0x31 src/ASF/xmega/drivers/nvm/nvm.o
 .comment       0x00000030       0x31 src/ASF/common/services/ioport/xmega/ioport_compat.o
 .comment       0x00000030       0x31 src/ASF/xmega/boards/xmega_a1_xplained/init.o
 .comment       0x00000030       0x31 src/main.o
 .comment       0x00000030       0x31 e:/softwares/installed/atmel/studio/7.0/toolchain/avr8/avr8-gnu-toolchain/bin/../lib/gcc/avr/5.4.0/../../../../avr/lib/avrxmega7\libc.a(sprintf.o)
 .comment       0x00000030       0x2c e:/softwares/installed/atmel/studio/7.0/toolchain/avr8/avr8-gnu-toolchain/bin/../lib/gcc/avr/5.4.0/../../../../avr/lib/avrxmega7\libc.a(vfprintf_std.o)
                                 0x2d (size before relaxing)
 .comment       0x0000005c       0x31 e:/softwares/installed/atmel/studio/7.0/toolchain/avr8/avr8-gnu-toolchain/bin/../lib/gcc/avr/5.4.0/../../../../avr/lib/avrxmega7\libc.a(fputc.o)

.note.gnu.avr.deviceinfo
                0x00000000       0x40
 .note.gnu.avr.deviceinfo
                0x00000000       0x40 E:/Softwares/Installed/Atmel/Studio/7.0/Packs/atmel/XMEGAA_DFP/1.1.68/gcc/dev/atxmega128a1/avrxmega7/crtatxmega128a1.o

.note.gnu.build-id
 *(.note.gnu.build-id)

.debug
 *(.debug)

.line
 *(.line)

.debug_srcinfo
 *(.debug_srcinfo)

.debug_sfnames
 *(.debug_sfnames)

.debug_aranges  0x00000000      0x6b0
 *(.debug_aranges)
 .debug_aranges
                0x00000000       0x30 src/ASF/common/boards/sensors_xplained/sensors_xplained.o
 .debug_aranges
                0x00000030       0x48 src/ASF/common/services/sensors/drivers/osram/sfh7770.o
 .debug_aranges
                0x00000078       0xb0 src/ASF/common/services/sensors/sensor.o
 .debug_aranges
                0x00000128       0x48 src/ASF/common/services/sensors/sensor_bus.o
 .debug_aranges
                0x00000170       0x28 src/ASF/common/services/sensors/sensor_nvram.o
 .debug_aranges
                0x00000198       0x48 src/ASF/common/services/sensors/sensor_platform.o
 .debug_aranges
                0x000001e0       0x48 src/ASF/xmega/drivers/adc/adc.o
 .debug_aranges
                0x00000228      0x198 src/ASF/xmega/drivers/tc/tc.o
 .debug_aranges
                0x000003c0       0x50 src/ASF/xmega/drivers/twi/twim.o
 .debug_aranges
                0x00000410       0x58 src/ASF/xmega/drivers/usart/usart.o
 .debug_aranges
                0x00000468       0x78 src/ASF/xmega/drivers/adc/xmega_aau/adc_aau.o
 .debug_aranges
                0x000004e0       0x18 src/ASF/common/services/sleepmgr/xmega/sleepmgr.o
 .debug_aranges
                0x000004f8       0x30 src/ASF/common/services/clock/xmega/sysclk.o
 .debug_aranges
                0x00000528       0xc0 src/ASF/xmega/drivers/nvm/nvm.o
 .debug_aranges
                0x000005e8       0x28 src/ASF/xmega/drivers/nvm/nvm_asm.o
 .debug_aranges
                0x00000610       0x20 src/ASF/xmega/drivers/cpu/ccp.o
 .debug_aranges
                0x00000630       0x20 src/ASF/common/services/ioport/xmega/ioport_compat.o
 .debug_aranges
                0x00000650       0x20 src/ASF/xmega/boards/xmega_a1_xplained/init.o
 .debug_aranges
                0x00000670       0x40 src/main.o

.debug_pubnames
 *(.debug_pubnames)

.debug_info     0x00000000    0x18680
 *(.debug_info .gnu.linkonce.wi.*)
 .debug_info    0x00000000     0x354c E:/Softwares/Installed/Atmel/Studio/7.0/Packs/atmel/XMEGAA_DFP/1.1.68/gcc/dev/atxmega128a1/avrxmega7/crtatxmega128a1.o
 .debug_info    0x0000354c      0x8ea src/ASF/common/boards/sensors_xplained/sensors_xplained.o
 .debug_info    0x00003e36     0x2933 src/ASF/common/services/sensors/drivers/osram/sfh7770.o
 .debug_info    0x00006769     0x1c34 src/ASF/common/services/sensors/sensor.o
 .debug_info    0x0000839d     0x29c6 src/ASF/common/services/sensors/sensor_bus.o
 .debug_info    0x0000ad63      0x2f3 src/ASF/common/services/sensors/sensor_nvram.o
 .debug_info    0x0000b056     0x1421 src/ASF/common/services/sensors/sensor_platform.o
 .debug_info    0x0000c477      0xaa0 src/ASF/xmega/drivers/adc/adc.o
 .debug_info    0x0000cf17     0x1a20 src/ASF/xmega/drivers/tc/tc.o
 .debug_info    0x0000e937      0x88f src/ASF/xmega/drivers/twi/twim.o
 .debug_info    0x0000f1c6     0x32fd src/ASF/xmega/drivers/usart/usart.o
 .debug_info    0x000124c3      0xeb1 src/ASF/xmega/drivers/adc/xmega_aau/adc_aau.o
 .debug_info    0x00013374      0x129 src/ASF/common/services/sleepmgr/xmega/sleepmgr.o
 .debug_info    0x0001349d      0x94d src/ASF/common/services/clock/xmega/sysclk.o
 .debug_info    0x00013dea     0x13b2 src/ASF/xmega/drivers/nvm/nvm.o
 .debug_info    0x0001519c       0x88 src/ASF/xmega/drivers/nvm/nvm_asm.o
 .debug_info    0x00015224       0x88 src/ASF/xmega/drivers/cpu/ccp.o
 .debug_info    0x000152ac      0x121 src/ASF/common/services/ioport/xmega/ioport_compat.o
 .debug_info    0x000153cd      0xcdb src/ASF/xmega/boards/xmega_a1_xplained/init.o
 .debug_info    0x000160a8     0x25d8 src/main.o

.debug_abbrev   0x00000000     0x61a4
 *(.debug_abbrev)
 .debug_abbrev  0x00000000     0x327a E:/Softwares/Installed/Atmel/Studio/7.0/Packs/atmel/XMEGAA_DFP/1.1.68/gcc/dev/atxmega128a1/avrxmega7/crtatxmega128a1.o
 .debug_abbrev  0x0000327a      0x280 src/ASF/common/boards/sensors_xplained/sensors_xplained.o
 .debug_abbrev  0x000034fa      0x442 src/ASF/common/services/sensors/drivers/osram/sfh7770.o
 .debug_abbrev  0x0000393c      0x3dc src/ASF/common/services/sensors/sensor.o
 .debug_abbrev  0x00003d18      0x3d4 src/ASF/common/services/sensors/sensor_bus.o
 .debug_abbrev  0x000040ec      0x111 src/ASF/common/services/sensors/sensor_nvram.o
 .debug_abbrev  0x000041fd      0x3a8 src/ASF/common/services/sensors/sensor_platform.o
 .debug_abbrev  0x000045a5      0x27e src/ASF/xmega/drivers/adc/adc.o
 .debug_abbrev  0x00004823      0x29b src/ASF/xmega/drivers/tc/tc.o
 .debug_abbrev  0x00004abe      0x2e9 src/ASF/xmega/drivers/twi/twim.o
 .debug_abbrev  0x00004da7      0x3ce src/ASF/xmega/drivers/usart/usart.o
 .debug_abbrev  0x00005175      0x2f9 src/ASF/xmega/drivers/adc/xmega_aau/adc_aau.o
 .debug_abbrev  0x0000546e       0x84 src/ASF/common/services/sleepmgr/xmega/sleepmgr.o
 .debug_abbrev  0x000054f2      0x257 src/ASF/common/services/clock/xmega/sysclk.o
 .debug_abbrev  0x00005749      0x3bd src/ASF/xmega/drivers/nvm/nvm.o
 .debug_abbrev  0x00005b06       0x12 src/ASF/xmega/drivers/nvm/nvm_asm.o
 .debug_abbrev  0x00005b18       0x14 src/ASF/xmega/drivers/cpu/ccp.o
 .debug_abbrev  0x00005b2c       0x95 src/ASF/common/services/ioport/xmega/ioport_compat.o
 .debug_abbrev  0x00005bc1      0x158 src/ASF/xmega/boards/xmega_a1_xplained/init.o
 .debug_abbrev  0x00005d19      0x48b src/main.o

.debug_line     0x00000000     0xb771
 *(.debug_line .debug_line.* .debug_line_end)
 .debug_line    0x00000000      0x3a9 E:/Softwares/Installed/Atmel/Studio/7.0/Packs/atmel/XMEGAA_DFP/1.1.68/gcc/dev/atxmega128a1/avrxmega7/crtatxmega128a1.o
 .debug_line    0x000003a9      0x845 src/ASF/common/boards/sensors_xplained/sensors_xplained.o
 .debug_line    0x00000bee     0x11bd src/ASF/common/services/sensors/drivers/osram/sfh7770.o
 .debug_line    0x00001dab      0xfb5 src/ASF/common/services/sensors/sensor.o
 .debug_line    0x00002d60      0xd92 src/ASF/common/services/sensors/sensor_bus.o
 .debug_line    0x00003af2      0x6f2 src/ASF/common/services/sensors/sensor_nvram.o
 .debug_line    0x000041e4      0xb67 src/ASF/common/services/sensors/sensor_platform.o
 .debug_line    0x00004d4b      0x936 src/ASF/xmega/drivers/adc/adc.o
 .debug_line    0x00005681     0x1123 src/ASF/xmega/drivers/tc/tc.o
 .debug_line    0x000067a4      0x652 src/ASF/xmega/drivers/twi/twim.o
 .debug_line    0x00006df6      0xe35 src/ASF/xmega/drivers/usart/usart.o
 .debug_line    0x00007c2b      0xae6 src/ASF/xmega/drivers/adc/xmega_aau/adc_aau.o
 .debug_line    0x00008711      0x455 src/ASF/common/services/sleepmgr/xmega/sleepmgr.o
 .debug_line    0x00008b66      0x7bb src/ASF/common/services/clock/xmega/sysclk.o
 .debug_line    0x00009321      0xb61 src/ASF/xmega/drivers/nvm/nvm.o
 .debug_line    0x00009e82      0x11f src/ASF/xmega/drivers/nvm/nvm_asm.o
 .debug_line    0x00009fa1       0x6e src/ASF/xmega/drivers/cpu/ccp.o
 .debug_line    0x0000a00f      0x4b2 src/ASF/common/services/ioport/xmega/ioport_compat.o
 .debug_line    0x0000a4c1      0x59c src/ASF/xmega/boards/xmega_a1_xplained/init.o
 .debug_line    0x0000aa5d      0xd14 src/main.o

.debug_frame    0x00000000     0x20c8
 *(.debug_frame)
 .debug_frame   0x00000000       0x9c src/ASF/common/boards/sensors_xplained/sensors_xplained.o
 .debug_frame   0x0000009c      0x15c src/ASF/common/services/sensors/drivers/osram/sfh7770.o
 .debug_frame   0x000001f8      0x230 src/ASF/common/services/sensors/sensor.o
 .debug_frame   0x00000428      0x11c src/ASF/common/services/sensors/sensor_bus.o
 .debug_frame   0x00000544       0x50 src/ASF/common/services/sensors/sensor_nvram.o
 .debug_frame   0x00000594       0x7c src/ASF/common/services/sensors/sensor_platform.o
 .debug_frame   0x00000610       0xbc src/ASF/xmega/drivers/adc/adc.o
 .debug_frame   0x000006cc      0xe84 src/ASF/xmega/drivers/tc/tc.o
 .debug_frame   0x00001550      0x1c0 src/ASF/xmega/drivers/twi/twim.o
 .debug_frame   0x00001710      0x144 src/ASF/xmega/drivers/usart/usart.o
 .debug_frame   0x00001854      0x3e4 src/ASF/xmega/drivers/adc/xmega_aau/adc_aau.o
 .debug_frame   0x00001c38       0x74 src/ASF/common/services/clock/xmega/sysclk.o
 .debug_frame   0x00001cac      0x338 src/ASF/xmega/drivers/nvm/nvm.o
 .debug_frame   0x00001fe4       0x30 src/ASF/common/services/ioport/xmega/ioport_compat.o
 .debug_frame   0x00002014       0x24 src/ASF/xmega/boards/xmega_a1_xplained/init.o
 .debug_frame   0x00002038       0x90 src/main.o

.debug_str      0x00000000    0x331d8
 *(.debug_str)
 .debug_str     0x00000000     0x23b9 E:/Softwares/Installed/Atmel/Studio/7.0/Packs/atmel/XMEGAA_DFP/1.1.68/gcc/dev/atxmega128a1/avrxmega7/crtatxmega128a1.o
 .debug_str     0x000023b9    0x28d5b src/ASF/common/boards/sensors_xplained/sensors_xplained.o
                              0x2944a (size before relaxing)
 .debug_str     0x0002b114     0x40d4 src/ASF/common/services/sensors/drivers/osram/sfh7770.o
                              0x2d109 (size before relaxing)
 .debug_str     0x0002f1e8      0x331 src/ASF/common/services/sensors/sensor.o
                              0x2c346 (size before relaxing)
 .debug_str     0x0002f519      0xbd5 src/ASF/common/services/sensors/sensor_bus.o
                              0x2bcc6 (size before relaxing)
 .debug_str     0x000300ee       0xc1 src/ASF/common/services/sensors/sensor_nvram.o
                              0x292d7 (size before relaxing)
 .debug_str     0x000301af      0x3c6 src/ASF/common/services/sensors/sensor_platform.o
                              0x2c702 (size before relaxing)
 .debug_str     0x00030575      0x2b1 src/ASF/xmega/drivers/adc/adc.o
                              0x29dce (size before relaxing)
 .debug_str     0x00030826      0x6b3 src/ASF/xmega/drivers/tc/tc.o
                              0x29e2b (size before relaxing)
 .debug_str     0x00030ed9      0x246 src/ASF/xmega/drivers/twi/twim.o
                              0x2646a (size before relaxing)
 .debug_str     0x0003111f      0x46e src/ASF/xmega/drivers/usart/usart.o
                              0x2a298 (size before relaxing)
 .debug_str     0x0003158d      0x5b6 src/ASF/xmega/drivers/adc/xmega_aau/adc_aau.o
                              0x2a07a (size before relaxing)
 .debug_str     0x00031b43       0x35 src/ASF/common/services/sleepmgr/xmega/sleepmgr.o
                              0x26227 (size before relaxing)
 .debug_str     0x00031b78      0x1f0 src/ASF/common/services/clock/xmega/sysclk.o
                              0x293d0 (size before relaxing)
 .debug_str     0x00031d68      0x4b3 src/ASF/xmega/drivers/nvm/nvm.o
                              0x26a41 (size before relaxing)
 .debug_str     0x0003221b       0x4c src/ASF/common/services/ioport/xmega/ioport_compat.o
                              0x2651b (size before relaxing)
 .debug_str     0x00032267       0x31 src/ASF/xmega/boards/xmega_a1_xplained/init.o
                              0x286ac (size before relaxing)
 .debug_str     0x00032298      0xf40 src/main.o
                              0x2da68 (size before relaxing)

.debug_loc      0x00000000     0xac75
 *(.debug_loc)
 .debug_loc     0x00000000      0x27f src/ASF/common/boards/sensors_xplained/sensors_xplained.o
 .debug_loc     0x0000027f     0x20a6 src/ASF/common/services/sensors/drivers/osram/sfh7770.o
 .debug_loc     0x00002325     0x1452 src/ASF/common/services/sensors/sensor.o
 .debug_loc     0x00003777      0xcd5 src/ASF/common/services/sensors/sensor_bus.o
 .debug_loc     0x0000444c      0x1af src/ASF/common/services/sensors/sensor_nvram.o
 .debug_loc     0x000045fb      0x1a2 src/ASF/common/services/sensors/sensor_platform.o
 .debug_loc     0x0000479d      0x2b3 src/ASF/xmega/drivers/adc/adc.o
 .debug_loc     0x00004a50     0x2122 src/ASF/xmega/drivers/tc/tc.o
 .debug_loc     0x00006b72      0x64a src/ASF/xmega/drivers/twi/twim.o
 .debug_loc     0x000071bc      0xe31 src/ASF/xmega/drivers/usart/usart.o
 .debug_loc     0x00007fed      0xd3c src/ASF/xmega/drivers/adc/xmega_aau/adc_aau.o
 .debug_loc     0x00008d29      0x359 src/ASF/common/services/clock/xmega/sysclk.o
 .debug_loc     0x00009082     0x1220 src/ASF/xmega/drivers/nvm/nvm.o
 .debug_loc     0x0000a2a2       0x66 src/ASF/common/services/ioport/xmega/ioport_compat.o
 .debug_loc     0x0000a308      0x50e src/ASF/xmega/boards/xmega_a1_xplained/init.o
 .debug_loc     0x0000a816      0x45f src/main.o

.debug_macinfo
 *(.debug_macinfo)

.debug_weaknames
 *(.debug_weaknames)

.debug_funcnames
 *(.debug_funcnames)

.debug_typenames
 *(.debug_typenames)

.debug_varnames
 *(.debug_varnames)

.debug_pubtypes
 *(.debug_pubtypes)

.debug_ranges   0x00000000      0x770
 *(.debug_ranges)
 .debug_ranges  0x00000000       0x20 src/ASF/common/boards/sensors_xplained/sensors_xplained.o
 .debug_ranges  0x00000020      0x108 src/ASF/common/services/sensors/drivers/osram/sfh7770.o
 .debug_ranges  0x00000128      0x138 src/ASF/common/services/sensors/sensor.o
 .debug_ranges  0x00000260       0x38 src/ASF/common/services/sensors/sensor_bus.o
 .debug_ranges  0x00000298       0x18 src/ASF/common/services/sensors/sensor_nvram.o
 .debug_ranges  0x000002b0       0x50 src/ASF/common/services/sensors/sensor_platform.o
 .debug_ranges  0x00000300       0x38 src/ASF/xmega/drivers/adc/adc.o
 .debug_ranges  0x00000338      0x188 src/ASF/xmega/drivers/tc/tc.o
 .debug_ranges  0x000004c0       0x70 src/ASF/xmega/drivers/twi/twim.o
 .debug_ranges  0x00000530       0x80 src/ASF/xmega/drivers/usart/usart.o
 .debug_ranges  0x000005b0       0x68 src/ASF/xmega/drivers/adc/xmega_aau/adc_aau.o
 .debug_ranges  0x00000618       0x20 src/ASF/common/services/clock/xmega/sysclk.o
 .debug_ranges  0x00000638       0xb0 src/ASF/xmega/drivers/nvm/nvm.o
 .debug_ranges  0x000006e8       0x20 src/ASF/xmega/drivers/nvm/nvm_asm.o
 .debug_ranges  0x00000708       0x10 src/ASF/common/services/ioport/xmega/ioport_compat.o
 .debug_ranges  0x00000718       0x10 src/ASF/xmega/boards/xmega_a1_xplained/init.o
 .debug_ranges  0x00000728       0x48 src/main.o

.debug_macro    0x00000000     0xbdaf
 *(.debug_macro)
 .debug_macro   0x00000000      0x24f src/ASF/common/boards/sensors_xplained/sensors_xplained.o
 .debug_macro   0x0000024f      0xa96 src/ASF/common/boards/sensors_xplained/sensors_xplained.o
 .debug_macro   0x00000ce5       0x10 src/ASF/common/boards/sensors_xplained/sensors_xplained.o
 .debug_macro   0x00000cf5      0x1c9 src/ASF/common/boards/sensors_xplained/sensors_xplained.o
 .debug_macro   0x00000ebe      0x2fc src/ASF/common/boards/sensors_xplained/sensors_xplained.o
 .debug_macro   0x000011ba       0x9e src/ASF/common/boards/sensors_xplained/sensors_xplained.o
 .debug_macro   0x00001258     0x53c9 src/ASF/common/boards/sensors_xplained/sensors_xplained.o
 .debug_macro   0x00006621       0x9a src/ASF/common/boards/sensors_xplained/sensors_xplained.o
 .debug_macro   0x000066bb       0xf1 src/ASF/common/boards/sensors_xplained/sensors_xplained.o
 .debug_macro   0x000067ac       0x34 src/ASF/common/boards/sensors_xplained/sensors_xplained.o
 .debug_macro   0x000067e0       0x16 src/ASF/common/boards/sensors_xplained/sensors_xplained.o
 .debug_macro   0x000067f6       0x18 src/ASF/common/boards/sensors_xplained/sensors_xplained.o
 .debug_macro   0x0000680e       0x5e src/ASF/common/boards/sensors_xplained/sensors_xplained.o
 .debug_macro   0x0000686c       0x10 src/ASF/common/boards/sensors_xplained/sensors_xplained.o
 .debug_macro   0x0000687c       0x22 src/ASF/common/boards/sensors_xplained/sensors_xplained.o
 .debug_macro   0x0000689e      0x16d src/ASF/common/boards/sensors_xplained/sensors_xplained.o
 .debug_macro   0x00006a0b       0x1c src/ASF/common/boards/sensors_xplained/sensors_xplained.o
 .debug_macro   0x00006a27       0x35 src/ASF/common/boards/sensors_xplained/sensors_xplained.o
 .debug_macro   0x00006a5c       0x66 src/ASF/common/boards/sensors_xplained/sensors_xplained.o
 .debug_macro   0x00006ac2      0x6d7 src/ASF/common/boards/sensors_xplained/sensors_xplained.o
 .debug_macro   0x00007199       0x96 src/ASF/common/boards/sensors_xplained/sensors_xplained.o
 .debug_macro   0x0000722f       0x17 src/ASF/common/boards/sensors_xplained/sensors_xplained.o
 .debug_macro   0x00007246      0x250 src/ASF/common/boards/sensors_xplained/sensors_xplained.o
 .debug_macro   0x00007496       0x76 src/ASF/common/boards/sensors_xplained/sensors_xplained.o
 .debug_macro   0x0000750c       0x16 src/ASF/common/boards/sensors_xplained/sensors_xplained.o
 .debug_macro   0x00007522      0x6d9 src/ASF/common/boards/sensors_xplained/sensors_xplained.o
 .debug_macro   0x00007bfb       0x10 src/ASF/common/boards/sensors_xplained/sensors_xplained.o
 .debug_macro   0x00007c0b      0x175 src/ASF/common/boards/sensors_xplained/sensors_xplained.o
 .debug_macro   0x00007d80       0x40 src/ASF/common/boards/sensors_xplained/sensors_xplained.o
 .debug_macro   0x00007dc0       0x69 src/ASF/common/boards/sensors_xplained/sensors_xplained.o
 .debug_macro   0x00007e29       0x31 src/ASF/common/boards/sensors_xplained/sensors_xplained.o
 .debug_macro   0x00007e5a       0xe4 src/ASF/common/boards/sensors_xplained/sensors_xplained.o
 .debug_macro   0x00007f3e      0x2bd src/ASF/common/boards/sensors_xplained/sensors_xplained.o
 .debug_macro   0x000081fb      0x177 src/ASF/common/boards/sensors_xplained/sensors_xplained.o
 .debug_macro   0x00008372       0x9a src/ASF/common/boards/sensors_xplained/sensors_xplained.o
 .debug_macro   0x0000840c      0x102 src/ASF/common/boards/sensors_xplained/sensors_xplained.o
 .debug_macro   0x0000850e       0x40 src/ASF/common/boards/sensors_xplained/sensors_xplained.o
 .debug_macro   0x0000854e      0x13e src/ASF/common/boards/sensors_xplained/sensors_xplained.o
 .debug_macro   0x0000868c       0x34 src/ASF/common/boards/sensors_xplained/sensors_xplained.o
 .debug_macro   0x000086c0       0xba src/ASF/common/boards/sensors_xplained/sensors_xplained.o
 .debug_macro   0x0000877a       0x2e src/ASF/common/boards/sensors_xplained/sensors_xplained.o
 .debug_macro   0x000087a8       0x80 src/ASF/common/boards/sensors_xplained/sensors_xplained.o
 .debug_macro   0x00008828       0x2f src/ASF/common/boards/sensors_xplained/sensors_xplained.o
 .debug_macro   0x00008857      0x13f src/ASF/common/boards/sensors_xplained/sensors_xplained.o
 .debug_macro   0x00008996      0x40c src/ASF/common/services/sensors/drivers/osram/sfh7770.o
 .debug_macro   0x00008da2      0x2ce src/ASF/common/services/sensors/drivers/osram/sfh7770.o
 .debug_macro   0x00009070      0x3da src/ASF/common/services/sensors/sensor.o
 .debug_macro   0x0000944a       0x12 src/ASF/common/services/sensors/sensor.o
 .debug_macro   0x0000945c      0x3f3 src/ASF/common/services/sensors/sensor_bus.o
 .debug_macro   0x0000984f       0x53 src/ASF/common/services/sensors/sensor_bus.o
 .debug_macro   0x000098a2      0x273 src/ASF/common/services/sensors/sensor_nvram.o
 .debug_macro   0x00009b15       0x16 src/ASF/common/services/sensors/sensor_nvram.o
 .debug_macro   0x00009b2b      0x416 src/ASF/common/services/sensors/sensor_platform.o
 .debug_macro   0x00009f41       0x4d src/ASF/common/services/sensors/sensor_platform.o
 .debug_macro   0x00009f8e       0x26 src/ASF/common/services/sensors/sensor_platform.o
 .debug_macro   0x00009fb4       0x5e src/ASF/common/services/sensors/sensor_platform.o
 .debug_macro   0x0000a012      0x29a src/ASF/xmega/drivers/adc/adc.o
 .debug_macro   0x0000a2ac      0x290 src/ASF/xmega/drivers/tc/tc.o
 .debug_macro   0x0000a53c      0x302 src/ASF/xmega/drivers/tc/tc.o
 .debug_macro   0x0000a83e      0x198 src/ASF/xmega/drivers/twi/twim.o
 .debug_macro   0x0000a9d6      0x266 src/ASF/xmega/drivers/usart/usart.o
 .debug_macro   0x0000ac3c       0x34 src/ASF/xmega/drivers/usart/usart.o
 .debug_macro   0x0000ac70      0x29a src/ASF/xmega/drivers/adc/xmega_aau/adc_aau.o
 .debug_macro   0x0000af0a      0x1a3 src/ASF/common/services/sleepmgr/xmega/sleepmgr.o
 .debug_macro   0x0000b0ad      0x23d src/ASF/common/services/clock/xmega/sysclk.o
 .debug_macro   0x0000b2ea      0x198 src/ASF/xmega/drivers/nvm/nvm.o
 .debug_macro   0x0000b482      0x193 src/ASF/common/services/ioport/xmega/ioport_compat.o
 .debug_macro   0x0000b615      0x1f1 src/ASF/xmega/boards/xmega_a1_xplained/init.o
 .debug_macro   0x0000b806      0x42d src/main.o
 .debug_macro   0x0000bc33       0x22 src/main.o
 .debug_macro   0x0000bc55       0x58 src/main.o
 .debug_macro   0x0000bcad       0x10 src/main.o
 .debug_macro   0x0000bcbd       0xf2 src/main.o
OUTPUT(ESDLab1.elf elf32-avr)
LOAD linker stubs

.BOOT           0x00020000       0x44
 .BOOT          0x00020000       0x44 src/ASF/xmega/drivers/nvm/nvm_asm.o
                0x00020000                nvm_common_spm
                0x0002001e                nvm_flash_load_word_to_buffer
