Archive member included to satisfy reference by file (symbol)

c:/program files (x86)/atmel/studio/7.0/toolchain/avr8/avr8-gnu-toolchain/bin/../lib/gcc/avr/5.4.0/avrxmega7\libgcc.a(_udivmodsi4.o)
                              src/ASF/xmega/drivers/usart/usart.o (__udivmodsi4)
c:/program files (x86)/atmel/studio/7.0/toolchain/avr8/avr8-gnu-toolchain/bin/../lib/gcc/avr/5.4.0/avrxmega7\libgcc.a(_exit.o)
                              C:/Program Files (x86)/Atmel/Studio/7.0/Packs/atmel/XMEGAA_DFP/1.1.68/gcc/dev/atxmega128a1/avrxmega7/crtatxmega128a1.o (exit)
c:/program files (x86)/atmel/studio/7.0/toolchain/avr8/avr8-gnu-toolchain/bin/../lib/gcc/avr/5.4.0/avrxmega7\libgcc.a(_copy_data.o)
                              src/ASF/common/services/sleepmgr/xmega/sleepmgr.o (__do_copy_data)
c:/program files (x86)/atmel/studio/7.0/toolchain/avr8/avr8-gnu-toolchain/bin/../lib/gcc/avr/5.4.0/avrxmega7\libgcc.a(_clear_bss.o)
                              src/ASF/xmega/drivers/adc/adc.o (__do_clear_bss)
c:/program files (x86)/atmel/studio/7.0/toolchain/avr8/avr8-gnu-toolchain/bin/../lib/gcc/avr/5.4.0/avrxmega7\libgcc.a(_umulhisi3.o)
                              src/main.o (__umulhisi3)
c:/program files (x86)/atmel/studio/7.0/toolchain/avr8/avr8-gnu-toolchain/bin/../lib/gcc/avr/5.4.0/../../../../avr/lib/avrxmega7\libc.a(memcpy.o)
                              src/ASF/xmega/drivers/nvm/nvm.o (memcpy)
c:/program files (x86)/atmel/studio/7.0/toolchain/avr8/avr8-gnu-toolchain/bin/../lib/gcc/avr/5.4.0/../../../../avr/lib/avrxmega7\libc.a(sprintf.o)
                              src/main.o (sprintf)
c:/program files (x86)/atmel/studio/7.0/toolchain/avr8/avr8-gnu-toolchain/bin/../lib/gcc/avr/5.4.0/../../../../avr/lib/avrxmega7\libc.a(vfprintf_std.o)
                              c:/program files (x86)/atmel/studio/7.0/toolchain/avr8/avr8-gnu-toolchain/bin/../lib/gcc/avr/5.4.0/../../../../avr/lib/avrxmega7\libc.a(sprintf.o) (vfprintf)
c:/program files (x86)/atmel/studio/7.0/toolchain/avr8/avr8-gnu-toolchain/bin/../lib/gcc/avr/5.4.0/../../../../avr/lib/avrxmega7\libc.a(strnlen_P.o)
                              c:/program files (x86)/atmel/studio/7.0/toolchain/avr8/avr8-gnu-toolchain/bin/../lib/gcc/avr/5.4.0/../../../../avr/lib/avrxmega7\libc.a(vfprintf_std.o) (strnlen_P)
c:/program files (x86)/atmel/studio/7.0/toolchain/avr8/avr8-gnu-toolchain/bin/../lib/gcc/avr/5.4.0/../../../../avr/lib/avrxmega7\libc.a(strnlen.o)
                              c:/program files (x86)/atmel/studio/7.0/toolchain/avr8/avr8-gnu-toolchain/bin/../lib/gcc/avr/5.4.0/../../../../avr/lib/avrxmega7\libc.a(vfprintf_std.o) (strnlen)
c:/program files (x86)/atmel/studio/7.0/toolchain/avr8/avr8-gnu-toolchain/bin/../lib/gcc/avr/5.4.0/../../../../avr/lib/avrxmega7\libc.a(fputc.o)
                              c:/program files (x86)/atmel/studio/7.0/toolchain/avr8/avr8-gnu-toolchain/bin/../lib/gcc/avr/5.4.0/../../../../avr/lib/avrxmega7\libc.a(vfprintf_std.o) (fputc)
c:/program files (x86)/atmel/studio/7.0/toolchain/avr8/avr8-gnu-toolchain/bin/../lib/gcc/avr/5.4.0/../../../../avr/lib/avrxmega7\libc.a(ultoa_invert.o)
                              c:/program files (x86)/atmel/studio/7.0/toolchain/avr8/avr8-gnu-toolchain/bin/../lib/gcc/avr/5.4.0/../../../../avr/lib/avrxmega7\libc.a(vfprintf_std.o) (__ultoa_invert)

Allocating common symbols
Common symbol       size              file

received_byte       0x1               src/main.o
adcb_callback       0x2               src/ASF/xmega/drivers/adc/adc.o
sleepmgr_locks      0x6               src/ASF/common/services/sleepmgr/xmega/sleepmgr.o
adca_callback       0x2               src/ASF/xmega/drivers/adc/adc.o

Discarded input sections

 .data          0x00000000        0x0 C:/Program Files (x86)/Atmel/Studio/7.0/Packs/atmel/XMEGAA_DFP/1.1.68/gcc/dev/atxmega128a1/avrxmega7/crtatxmega128a1.o
 .bss           0x00000000        0x0 C:/Program Files (x86)/Atmel/Studio/7.0/Packs/atmel/XMEGAA_DFP/1.1.68/gcc/dev/atxmega128a1/avrxmega7/crtatxmega128a1.o
 .group         0x00000000        0x8 src/ASF/xmega/drivers/adc/adc.o
 .group         0x00000000        0x8 src/ASF/xmega/drivers/adc/adc.o
 .group         0x00000000        0x8 src/ASF/xmega/drivers/adc/adc.o
 .group         0x00000000        0x8 src/ASF/xmega/drivers/adc/adc.o
 .group         0x00000000        0x8 src/ASF/xmega/drivers/adc/adc.o
 .group         0x00000000        0x8 src/ASF/xmega/drivers/adc/adc.o
 .group         0x00000000        0x8 src/ASF/xmega/drivers/adc/adc.o
 .group         0x00000000        0x8 src/ASF/xmega/drivers/adc/adc.o
 .group         0x00000000        0x8 src/ASF/xmega/drivers/adc/adc.o
 .group         0x00000000        0x8 src/ASF/xmega/drivers/adc/adc.o
 .group         0x00000000        0x8 src/ASF/xmega/drivers/adc/adc.o
 .group         0x00000000        0x8 src/ASF/xmega/drivers/adc/adc.o
 .group         0x00000000        0x8 src/ASF/xmega/drivers/adc/adc.o
 .group         0x00000000        0x8 src/ASF/xmega/drivers/adc/adc.o
[...]
Memory Configuration

Name             Origin             Length             Attributes
text             0x00000000         0x00100000         xr
data             0x00802000         0x0000ffa0         rw !x
eeprom           0x00810000         0x00010000         rw !x
fuse             0x00820000         0x00000006         rw !x
lock             0x00830000         0x00000400         rw !x
signature        0x00840000         0x00000400         rw !x
user_signatures  0x00850000         0x00000400         rw !x
*default*        0x00000000         0xffffffff

Linker script and memory map

LOAD C:/Program Files (x86)/Atmel/Studio/7.0/Packs/atmel/XMEGAA_DFP/1.1.68/gcc/dev/atxmega128a1/avrxmega7/crtatxmega128a1.o
LOAD src/ASF/xmega/drivers/adc/adc.o
LOAD src/ASF/xmega/drivers/dac/dac.o
LOAD src/ASF/xmega/drivers/tc/tc.o
LOAD src/ASF/xmega/drivers/usart/usart.o
LOAD src/ASF/xmega/drivers/adc/xmega_aau/adc_aau.o
LOAD src/ASF/common/services/sleepmgr/xmega/sleepmgr.o
LOAD src/ASF/common/services/clock/xmega/sysclk.o
LOAD src/ASF/xmega/drivers/nvm/nvm.o
LOAD src/ASF/xmega/drivers/nvm/nvm_asm.o
LOAD src/ASF/xmega/drivers/cpu/ccp.o
LOAD src/ASF/common/services/ioport/xmega/ioport_compat.o
LOAD src/ASF/xmega/boards/xmega_a1_xplained/init.o
LOAD src/main.o
START GROUP
LOAD c:/program files (x86)/atmel/studio/7.0/toolchain/avr8/avr8-gnu-toolchain/bin/../lib/gcc/avr/5.4.0/../../../../avr/lib/avrxmega7\libm.a
END GROUP
Address of section .BOOT set to 0x20000
START GROUP
LOAD c:/program files (x86)/atmel/studio/7.0/toolchain/avr8/avr8-gnu-toolchain/bin/../lib/gcc/avr/5.4.0/avrxmega7\libgcc.a
LOAD c:/program files (x86)/atmel/studio/7.0/toolchain/avr8/avr8-gnu-toolchain/bin/../lib/gcc/avr/5.4.0/../../../../avr/lib/avrxmega7\libm.a
LOAD c:/program files (x86)/atmel/studio/7.0/toolchain/avr8/avr8-gnu-toolchain/bin/../lib/gcc/avr/5.4.0/../../../../avr/lib/avrxmega7\libc.a
LOAD C:/Program Files (x86)/Atmel/Studio/7.0/Packs/atmel/XMEGAA_DFP/1.1.68/gcc/dev/atxmega128a1/avrxmega7\libatxmega128a1.a
END GROUP
                0x00100000                __TEXT_REGION_LENGTH__ = DEFINED (__TEXT_REGION_LENGTH__)?__TEXT_REGION_LENGTH__:0x100000
                0x0000ffa0                __DATA_REGION_LENGTH__ = DEFINED (__DATA_REGION_LENGTH__)?__DATA_REGION_LENGTH__:0xffa0
                0x00010000                __EEPROM_REGION_LENGTH__ = DEFINED (__EEPROM_REGION_LENGTH__)?__EEPROM_REGION_LENGTH__:0x10000
                [0x00000006]                __FUSE_REGION_LENGTH__ = DEFINED (__FUSE_REGION_LENGTH__)?__FUSE_REGION_LENGTH__:0x400
                0x00000400                __LOCK_REGION_LENGTH__ = DEFINED (__LOCK_REGION_LENGTH__)?__LOCK_REGION_LENGTH__:0x400
                0x00000400                __SIGNATURE_REGION_LENGTH__ = DEFINED (__SIGNATURE_REGION_LENGTH__)?__SIGNATURE_REGION_LENGTH__:0x400
                0x00000400                __USER_SIGNATURE_REGION_LENGTH__ = DEFINED (__USER_SIGNATURE_REGION_LENGTH__)?__USER_SIGNATURE_REGION_LENGTH__:0x400

.hash
 *(.hash)

.dynsym
 *(.dynsym)

.dynstr
 *(.dynstr)

.gnu.version
 *(.gnu.version)

.gnu.version_d
 *(.gnu.version_d)

.gnu.version_r
 *(.gnu.version_r)

.rel.init
 *(.rel.init)

.rela.init
 *(.rela.init)

.rel.text
 *(.rel.text)
 *(.rel.text.*)
 *(.rel.gnu.linkonce.t*)

.rela.text
 *(.rela.text)
 *(.rela.text.*)
 *(.rela.gnu.linkonce.t*)

.rel.fini
 *(.rel.fini)

.rela.fini
 *(.rela.fini)

.rel.rodata
 *(.rel.rodata)
 *(.rel.rodata.*)
 *(.rel.gnu.linkonce.r*)

.rela.rodata
 *(.rela.rodata)
 *(.rela.rodata.*)
 *(.rela.gnu.linkonce.r*)

.rel.data
 *(.rel.data)
 *(.rel.data.*)
 *(.rel.gnu.linkonce.d*)

.rela.data
 *(.rela.data)
 *(.rela.data.*)
 *(.rela.gnu.linkonce.d*)

.rel.ctors
 *(.rel.ctors)

.rela.ctors
 *(.rela.ctors)

.rel.dtors
 *(.rel.dtors)

.rela.dtors
 *(.rela.dtors)

.rel.got
 *(.rel.got)

.rela.got
 *(.rela.got)

.rel.bss
 *(.rel.bss)

.rela.bss
 *(.rela.bss)

.rel.plt
 *(.rel.plt)

.rela.plt
 *(.rela.plt)

.text           0x00000000     0x2d60
 *(.vectors)
 .vectors       0x00000000      0x1f4 C:/Program Files (x86)/Atmel/Studio/7.0/Packs/atmel/XMEGAA_DFP/1.1.68/gcc/dev/atxmega128a1/avrxmega7/crtatxmega128a1.o
                0x00000000                __vector_default
                0x00000000                __vectors
 *(.vectors)
 *(.progmem.gcc*)
                0x000001f4                . = ALIGN (0x2)
                0x000001f4                __trampolines_start = .
 *(.trampolines)
 .trampolines   0x000001f4        0x0 linker stubs
 *(.trampolines*)
                0x000001f4                __trampolines_end = .
 *libprintf_flt.a:*(.progmem.data)
 *libc.a:*(.progmem.data)
 *(.progmem*)
                0x000001f4                . = ALIGN (0x2)
 *(.jumptables)
 *(.jumptables*)
 *(.lowtext)
 *(.lowtext*)
                0x000001f4                __ctors_start = .
 *(.ctors)
                0x000001f4                __ctors_end = .
                0x000001f4                __dtors_start = .
 *(.dtors)
                0x000001f4                __dtors_end = .
 SORT(*)(.ctors)
 SORT(*)(.dtors)
 *(.init0)
 .init0         0x000001f4        0x0 C:/Program Files (x86)/Atmel/Studio/7.0/Packs/atmel/XMEGAA_DFP/1.1.68/gcc/dev/atxmega128a1/avrxmega7/crtatxmega128a1.o
                0x000001f4                __init
 *(.init0)
 *(.init1)
 *(.init1)
 *(.init2)
 .init2         0x000001f4       0x18 C:/Program Files (x86)/Atmel/Studio/7.0/Packs/atmel/XMEGAA_DFP/1.1.68/gcc/dev/atxmega128a1/avrxmega7/crtatxmega128a1.o
 *(.init2)
 *(.init3)
 *(.init3)
 *(.init4)
 .init4         0x0000020c       0x1c c:/program files (x86)/atmel/studio/7.0/toolchain/avr8/avr8-gnu-toolchain/bin/../lib/gcc/avr/5.4.0/avrxmega7\libgcc.a(_copy_data.o)
                0x0000020c                __do_copy_data
 .init4         0x00000228       0x10 c:/program files (x86)/atmel/studio/7.0/toolchain/avr8/avr8-gnu-toolchain/bin/../lib/gcc/avr/5.4.0/avrxmega7\libgcc.a(_clear_bss.o)
                0x00000228                __do_clear_bss
 *(.init4)
 *(.init5)
 *(.init5)
 *(.init6)
 *(.init6)
 *(.init7)
 *(.init7)
 *(.init8)
 *(.init8)
 *(.init9)
 .init9         0x00000238        0x8 C:/Program Files (x86)/Atmel/Studio/7.0/Packs/atmel/XMEGAA_DFP/1.1.68/gcc/dev/atxmega128a1/avrxmega7/crtatxmega128a1.o
 *(.init9)
 *(.text)
 .text          0x00000240        0x2 C:/Program Files (x86)/Atmel/Studio/7.0/Packs/atmel/XMEGAA_DFP/1.1.68/gcc/dev/atxmega128a1/avrxmega7/crtatxmega128a1.o
                0x00000240                __vector_38
                0x00000240                __vector_104
                0x00000240                __vector_63
                0x00000240                __vector_28
                0x00000240                __vector_67
                0x00000240                __vector_1
                0x00000240                __vector_119
                0x00000240                __vector_32
                0x00000240                __vector_75
                0x00000240                __vector_91
                0x00000240                __vector_34
                0x00000240                __vector_62
                0x00000240                __vector_102
                0x00000240                __vector_24
                0x00000240                __vector_12
                0x00000240                __vector_69
                0x00000240                __vector_90
                0x00000240                __vector_46
                0x00000240                __bad_interrupt
                0x00000240                __vector_122
                0x00000240                __vector_6
                0x00000240                __vector_31
                0x00000240                __vector_92
                0x00000240                __vector_35
                0x00000240                __vector_107
                0x00000240                __vector_3
                0x00000240                __vector_105
                0x00000240                __vector_98
                0x00000240                __vector_68
                0x00000240                __vector_30
                0x00000240                __vector_45
                0x00000240                __vector_25
                0x00000240                __vector_93
                0x00000240                __vector_61
                0x00000240                __vector_11
                0x00000240                __vector_99
                0x00000240                __vector_13
                0x00000240                __vector_7
                0x00000240                __vector_123
                0x00000240                __vector_100
                0x00000240                __vector_101
                0x00000240                __vector_64
                0x00000240                __vector_88
                0x00000240                __vector_43
                0x00000240                __vector_27
                0x00000240                __vector_5
                0x00000240                __vector_33
                0x00000240                __vector_76
                0x00000240                __vector_37
                0x00000240                __vector_95
                0x00000240                __vector_103
                0x00000240                __vector_96
                0x00000240                __vector_89
                0x00000240                __vector_4
                0x00000240                __vector_44
                0x00000240                __vector_106
                0x00000240                __vector_118
                0x00000240                __vector_9
                0x00000240                __vector_2
                0x00000240                __vector_66
                0x00000240                __vector_36
                0x00000240                __vector_58
                0x00000240                __vector_70
                0x00000240                __vector_29
                0x00000240                __vector_60
                0x00000240                __vector_121
                0x00000240                __vector_94
                0x00000240                __vector_8
                0x00000240                __vector_26
                0x00000240                __vector_124
                0x00000240                __vector_57
                0x00000240                __vector_10
                0x00000240                __vector_59
                0x00000240                __vector_97
                0x00000240                __vector_87
                0x00000240                __vector_65
                0x00000240                __vector_120
                0x00000242                . = ALIGN (0x2)
 *(.text.*)
 .text.adc_set_callback
                0x00000242       0x40 src/ASF/xmega/drivers/adc/adc.o
                0x00000242                adc_set_callback
 .text.adc_enable_clock
                0x00000282       0x42 src/ASF/xmega/drivers/adc/adc.o
                0x00000282                adc_enable_clock
 .text.adc_disable_clock
                0x000002c4       0x3e src/ASF/xmega/drivers/adc/adc.o
                0x000002c4                adc_disable_clock
 .text.adc_enable
                0x00000302       0x58 src/ASF/xmega/drivers/adc/adc.o
                0x00000302                adc_enable
 .text.dac_enable_clock
                0x0000035a       0x42 src/ASF/xmega/drivers/dac/dac.o
 .text.dac_disable_clock
                0x0000039c       0x3e src/ASF/xmega/drivers/dac/dac.o
 .text.dac_enable
                0x000003da       0x58 src/ASF/xmega/drivers/dac/dac.o
                0x000003da                dac_enable
 .text.dac_write_configuration
                0x00000432       0xba src/ASF/xmega/drivers/dac/dac.o
                0x00000432                dac_write_configuration
 .text.dac_read_configuration
                0x000004ec       0x66 src/ASF/xmega/drivers/dac/dac.o
                0x000004ec                dac_read_configuration
 .text.__vector_14
                0x00000552       0x70 src/ASF/xmega/drivers/tc/tc.o
                0x00000552                __vector_14
 .text.__vector_15
                0x000005c2       0x70 src/ASF/xmega/drivers/tc/tc.o
                0x000005c2                __vector_15
 .text.__vector_16
                0x00000632       0x70 src/ASF/xmega/drivers/tc/tc.o
                0x00000632                __vector_16
 .text.__vector_17
                0x000006a2       0x70 src/ASF/xmega/drivers/tc/tc.o
                0x000006a2                __vector_17
 .text.__vector_18
                0x00000712       0x70 src/ASF/xmega/drivers/tc/tc.o
                0x00000712                __vector_18
 .text.__vector_19
                0x00000782       0x70 src/ASF/xmega/drivers/tc/tc.o
                0x00000782                __vector_19
 .text.__vector_20
                0x000007f2       0x70 src/ASF/xmega/drivers/tc/tc.o
                0x000007f2                __vector_20
 .text.__vector_21
                0x00000862       0x70 src/ASF/xmega/drivers/tc/tc.o
                0x00000862                __vector_21
 .text.__vector_22
                0x000008d2       0x70 src/ASF/xmega/drivers/tc/tc.o
                0x000008d2                __vector_22
 .text.__vector_23
                0x00000942       0x70 src/ASF/xmega/drivers/tc/tc.o
                0x00000942                __vector_23
 .text.__vector_77
                0x000009b2       0x70 src/ASF/xmega/drivers/tc/tc.o
                0x000009b2                __vector_77
 .text.__vector_78
                0x00000a22       0x70 src/ASF/xmega/drivers/tc/tc.o
                0x00000a22                __vector_78
 .text.__vector_79
                0x00000a92       0x70 src/ASF/xmega/drivers/tc/tc.o
                0x00000a92                __vector_79
 .text.__vector_80
                0x00000b02       0x70 src/ASF/xmega/drivers/tc/tc.o
                0x00000b02                __vector_80
 .text.__vector_81
                0x00000b72       0x70 src/ASF/xmega/drivers/tc/tc.o
                0x00000b72                __vector_81
 .text.__vector_82
                0x00000be2       0x70 src/ASF/xmega/drivers/tc/tc.o
                0x00000be2                __vector_82
 .text.__vector_83
                0x00000c52       0x70 src/ASF/xmega/drivers/tc/tc.o
                0x00000c52                __vector_83
 .text.__vector_84
                0x00000cc2       0x70 src/ASF/xmega/drivers/tc/tc.o
                0x00000cc2                __vector_84
 .text.__vector_85
                0x00000d32       0x70 src/ASF/xmega/drivers/tc/tc.o
                0x00000d32                __vector_85
 .text.__vector_86
                0x00000da2       0x70 src/ASF/xmega/drivers/tc/tc.o
                0x00000da2                __vector_86
 .text.__vector_47
                0x00000e12       0x70 src/ASF/xmega/drivers/tc/tc.o
                0x00000e12                __vector_47
 .text.__vector_48
                0x00000e82       0x70 src/ASF/xmega/drivers/tc/tc.o
                0x00000e82                __vector_48
 .text.__vector_49
                0x00000ef2       0x70 src/ASF/xmega/drivers/tc/tc.o
                0x00000ef2                __vector_49
 .text.__vector_50
                0x00000f62       0x70 src/ASF/xmega/drivers/tc/tc.o
                0x00000f62                __vector_50
 .text.__vector_51
                0x00000fd2       0x70 src/ASF/xmega/drivers/tc/tc.o
                0x00000fd2                __vector_51
 .text.__vector_52
                0x00001042       0x70 src/ASF/xmega/drivers/tc/tc.o
                0x00001042                __vector_52
 .text.__vector_53
                0x000010b2       0x70 src/ASF/xmega/drivers/tc/tc.o
                0x000010b2                __vector_53
 .text.__vector_54
                0x00001122       0x70 src/ASF/xmega/drivers/tc/tc.o
                0x00001122                __vector_54
 .text.__vector_55
                0x00001192       0x70 src/ASF/xmega/drivers/tc/tc.o
                0x00001192                __vector_55
 .text.__vector_56
                0x00001202       0x70 src/ASF/xmega/drivers/tc/tc.o
                0x00001202                __vector_56
 .text.__vector_108
                0x00001272       0x70 src/ASF/xmega/drivers/tc/tc.o
                0x00001272                __vector_108
 .text.__vector_109
                0x000012e2       0x70 src/ASF/xmega/drivers/tc/tc.o
                0x000012e2                __vector_109
 .text.__vector_110
                0x00001352       0x70 src/ASF/xmega/drivers/tc/tc.o
                0x00001352                __vector_110
 .text.__vector_111
                0x000013c2       0x70 src/ASF/xmega/drivers/tc/tc.o
                0x000013c2                __vector_111
 .text.__vector_112
                0x00001432       0x70 src/ASF/xmega/drivers/tc/tc.o
                0x00001432                __vector_112
 .text.__vector_113
                0x000014a2       0x70 src/ASF/xmega/drivers/tc/tc.o
                0x000014a2                __vector_113
 .text.__vector_114
                0x00001512       0x70 src/ASF/xmega/drivers/tc/tc.o
                0x00001512                __vector_114
 .text.__vector_115
                0x00001582       0x70 src/ASF/xmega/drivers/tc/tc.o
                0x00001582                __vector_115
 .text.__vector_116
                0x000015f2       0x70 src/ASF/xmega/drivers/tc/tc.o
                0x000015f2                __vector_116
 .text.__vector_117
                0x00001662       0x70 src/ASF/xmega/drivers/tc/tc.o
                0x00001662                __vector_117
 .text.usart_putchar
                0x000016d2       0x10 src/ASF/xmega/drivers/usart/usart.o
                0x000016d2                usart_putchar
 .text.usart_set_baudrate
                0x000016e2      0x21e src/ASF/xmega/drivers/usart/usart.o
                0x000016e2                usart_set_baudrate
 .text.usart_init_rs232
                0x00001900      0x2c2 src/ASF/xmega/drivers/usart/usart.o
                0x00001900                usart_init_rs232
 .text.__vector_71
                0x00001bc2       0x7a src/ASF/xmega/drivers/adc/xmega_aau/adc_aau.o
                0x00001bc2                __vector_71
 .text.__vector_72
                0x00001c3c       0x7a src/ASF/xmega/drivers/adc/xmega_aau/adc_aau.o
                0x00001c3c                __vector_72
 .text.__vector_73
                0x00001cb6       0x7a src/ASF/xmega/drivers/adc/xmega_aau/adc_aau.o
                0x00001cb6                __vector_73
 .text.__vector_74
                0x00001d30       0x7a src/ASF/xmega/drivers/adc/xmega_aau/adc_aau.o
                0x00001d30                __vector_74
 .text.__vector_39
                0x00001daa       0x7a src/ASF/xmega/drivers/adc/xmega_aau/adc_aau.o
                0x00001daa                __vector_39
 .text.__vector_40
                0x00001e24       0x7a src/ASF/xmega/drivers/adc/xmega_aau/adc_aau.o
                0x00001e24                __vector_40
 .text.__vector_41
                0x00001e9e       0x7a src/ASF/xmega/drivers/adc/xmega_aau/adc_aau.o
                0x00001e9e                __vector_41
 .text.__vector_42
                0x00001f18       0x7a src/ASF/xmega/drivers/adc/xmega_aau/adc_aau.o
                0x00001f18                __vector_42
 .text.adc_write_configuration
                0x00001f92       0xd0 src/ASF/xmega/drivers/adc/xmega_aau/adc_aau.o
                0x00001f92                adc_write_configuration
 .text.adc_read_configuration
                0x00002062       0x76 src/ASF/xmega/drivers/adc/xmega_aau/adc_aau.o
                0x00002062                adc_read_configuration
 .text.adcch_write_configuration
                0x000020d8       0x9a src/ASF/xmega/drivers/adc/xmega_aau/adc_aau.o
                0x000020d8                adcch_write_configuration
 .text.adcch_read_configuration
                0x00002172       0x9a src/ASF/xmega/drivers/adc/xmega_aau/adc_aau.o
                0x00002172                adcch_read_configuration
 .text.sysclk_init
                0x0000220c       0x20 src/ASF/common/services/clock/xmega/sysclk.o
                0x0000220c                sysclk_init
 .text.sysclk_enable_module
                0x0000222c       0x2c src/ASF/common/services/clock/xmega/sysclk.o
                0x0000222c                sysclk_enable_module
 .text.sysclk_disable_module
                0x00002258       0x2a src/ASF/common/services/clock/xmega/sysclk.o
                0x00002258                sysclk_disable_module
 .text.nvm_read_byte
                0x00002282       0x14 src/ASF/xmega/drivers/nvm/nvm_asm.o
                0x00002282                nvm_read_byte
 .text.ioport_configure_port_pin
                0x00002296       0x4e src/ASF/common/services/ioport/xmega/ioport_compat.o
                0x00002296                ioport_configure_port_pin
 .text.board_init
                0x000022e4      0x182 src/ASF/xmega/boards/xmega_a1_xplained/init.o
                0x000022e4                board_init
 .text.adca_handler
                0x00002466       0x20 src/main.o
 .text.adcb_handler
                0x00002486        0x6 src/main.o
 .text.publishUSARTMessage
                0x0000248c       0x2c src/main.o
                0x0000248c                publishUSARTMessage
 .text.playSound
                0x000024b8       0xae src/main.o
                0x000024b8                playSound
 .text.main     0x00002566      0x1f6 src/main.o
                0x00002566                main
 .text.libgcc.div
                0x0000275c       0x44 c:/program files (x86)/atmel/studio/7.0/toolchain/avr8/avr8-gnu-toolchain/bin/../lib/gcc/avr/5.4.0/avrxmega7\libgcc.a(_udivmodsi4.o)
                0x0000275c                __udivmodsi4
 .text.libgcc.mul
                0x000027a0       0x1e c:/program files (x86)/atmel/studio/7.0/toolchain/avr8/avr8-gnu-toolchain/bin/../lib/gcc/avr/5.4.0/avrxmega7\libgcc.a(_umulhisi3.o)
                0x000027a0                __umulhisi3
 .text.avr-libc
                0x000027be       0x50 c:/program files (x86)/atmel/studio/7.0/toolchain/avr8/avr8-gnu-toolchain/bin/../lib/gcc/avr/5.4.0/../../../../avr/lib/avrxmega7\libc.a(sprintf.o)
                0x000027be                sprintf
 .text.avr-libc
                0x0000280e      0x3ee c:/program files (x86)/atmel/studio/7.0/toolchain/avr8/avr8-gnu-toolchain/bin/../lib/gcc/avr/5.4.0/../../../../avr/lib/avrxmega7\libc.a(vfprintf_std.o)
                0x0000280e                vfprintf
 .text.avr-libc
                0x00002bfc       0x16 c:/program files (x86)/atmel/studio/7.0/toolchain/avr8/avr8-gnu-toolchain/bin/../lib/gcc/avr/5.4.0/../../../../avr/lib/avrxmega7\libc.a(strnlen_P.o)
                0x00002bfc                strnlen_P
 .text.avr-libc
                0x00002c12       0x16 c:/program files (x86)/atmel/studio/7.0/toolchain/avr8/avr8-gnu-toolchain/bin/../lib/gcc/avr/5.4.0/../../../../avr/lib/avrxmega7\libc.a(strnlen.o)
                0x00002c12                strnlen
 .text.avr-libc
                0x00002c28       0x78 c:/program files (x86)/atmel/studio/7.0/toolchain/avr8/avr8-gnu-toolchain/bin/../lib/gcc/avr/5.4.0/../../../../avr/lib/avrxmega7\libc.a(fputc.o)
                0x00002c28                fputc
 .text.avr-libc
                0x00002ca0       0xbc c:/program files (x86)/atmel/studio/7.0/toolchain/avr8/avr8-gnu-toolchain/bin/../lib/gcc/avr/5.4.0/../../../../avr/lib/avrxmega7\libc.a(ultoa_invert.o)
                0x00002ca0                __ultoa_invert
                0x00002d5c                . = ALIGN (0x2)
 *(.fini9)
 .fini9         0x00002d5c        0x0 c:/program files (x86)/atmel/studio/7.0/toolchain/avr8/avr8-gnu-toolchain/bin/../lib/gcc/avr/5.4.0/avrxmega7\libgcc.a(_exit.o)
                0x00002d5c                _exit
                0x00002d5c                exit
 *(.fini9)
 *(.fini8)
 *(.fini8)
 *(.fini7)
 *(.fini7)
 *(.fini6)
 *(.fini6)
 *(.fini5)
 *(.fini5)
 *(.fini4)
 *(.fini4)
 *(.fini3)
 *(.fini3)
 *(.fini2)
 *(.fini2)
 *(.fini1)
 *(.fini1)
 *(.fini0)
 .fini0         0x00002d5c        0x4 c:/program files (x86)/atmel/studio/7.0/toolchain/avr8/avr8-gnu-toolchain/bin/../lib/gcc/avr/5.4.0/avrxmega7\libgcc.a(_exit.o)
 *(.fini0)
                0x00002d60                _etext = .

.data           0x00802000       0x66 load address 0x00002d60
                0x00802000                PROVIDE (__data_start, .)
 *(.data)
 *(.data*)
 .data.USART_SERIAL_OPTIONS.5989
                0x00802000        0x7 src/main.o
 .data.soundRate
                0x00802007        0x2 src/main.o
                0x00802007                soundRate
 .data.tempArray
                0x00802009        0xf src/main.o
                0x00802009                tempArray
 *(.gnu.linkonce.d*)
 *(.rodata)
 *(.rodata*)
 .rodata.str1.1
                0x00802018        0xd src/main.o
 .rodata.sine   0x00802025       0x40 src/main.o
 *(.gnu.linkonce.r*)
                0x00802066                . = ALIGN (0x2)
 *fill*         0x00802065        0x1 
                0x00802066                _edata = .
                0x00802066                PROVIDE (__data_end, .)

.bss            0x00802066       0x63
                0x00802066                PROVIDE (__bss_start, .)
 *(.bss)
 *(.bss*)
 .bss.adcb_enable_count
                0x00802066        0x1 src/ASF/xmega/drivers/adc/adc.o
 .bss.adca_enable_count
                0x00802067        0x1 src/ASF/xmega/drivers/adc/adc.o
 .bss.dacb_enable_count
                0x00802068        0x1 src/ASF/xmega/drivers/dac/dac.o
 .bss.daca_enable_count
                0x00802069        0x1 src/ASF/xmega/drivers/dac/dac.o
 .bss.tc_tcf1_ccb_callback
                0x0080206a        0x2 src/ASF/xmega/drivers/tc/tc.o
 .bss.tc_tcf1_cca_callback
                0x0080206c        0x2 src/ASF/xmega/drivers/tc/tc.o
 .bss.tc_tcf1_err_callback
                0x0080206e        0x2 src/ASF/xmega/drivers/tc/tc.o
 .bss.tc_tcf1_ovf_callback
                0x00802070        0x2 src/ASF/xmega/drivers/tc/tc.o
 .bss.tc_tcf0_ccd_callback
                0x00802072        0x2 src/ASF/xmega/drivers/tc/tc.o
 .bss.tc_tcf0_ccc_callback
                0x00802074        0x2 src/ASF/xmega/drivers/tc/tc.o
 .bss.tc_tcf0_ccb_callback
                0x00802076        0x2 src/ASF/xmega/drivers/tc/tc.o
 .bss.tc_tcf0_cca_callback
                0x00802078        0x2 src/ASF/xmega/drivers/tc/tc.o
 .bss.tc_tcf0_err_callback
                0x0080207a        0x2 src/ASF/xmega/drivers/tc/tc.o
 .bss.tc_tcf0_ovf_callback
                0x0080207c        0x2 src/ASF/xmega/drivers/tc/tc.o
 .bss.tc_tce1_ccb_callback
                0x0080207e        0x2 src/ASF/xmega/drivers/tc/tc.o
 .bss.tc_tce1_cca_callback
                0x00802080        0x2 src/ASF/xmega/drivers/tc/tc.o
 .bss.tc_tce1_err_callback
                0x00802082        0x2 src/ASF/xmega/drivers/tc/tc.o
 .bss.tc_tce1_ovf_callback
                0x00802084        0x2 src/ASF/xmega/drivers/tc/tc.o
 .bss.tc_tce0_ccd_callback
                0x00802086        0x2 src/ASF/xmega/drivers/tc/tc.o
 .bss.tc_tce0_ccc_callback
                0x00802088        0x2 src/ASF/xmega/drivers/tc/tc.o
 .bss.tc_tce0_ccb_callback
                0x0080208a        0x2 src/ASF/xmega/drivers/tc/tc.o
 .bss.tc_tce0_cca_callback
                0x0080208c        0x2 src/ASF/xmega/drivers/tc/tc.o
 .bss.tc_tce0_err_callback
                0x0080208e        0x2 src/ASF/xmega/drivers/tc/tc.o
 .bss.tc_tce0_ovf_callback
                0x00802090        0x2 src/ASF/xmega/drivers/tc/tc.o
 .bss.tc_tcd1_ccb_callback
                0x00802092        0x2 src/ASF/xmega/drivers/tc/tc.o
 .bss.tc_tcd1_cca_callback
                0x00802094        0x2 src/ASF/xmega/drivers/tc/tc.o
 .bss.tc_tcd1_err_callback
                0x00802096        0x2 src/ASF/xmega/drivers/tc/tc.o
 .bss.tc_tcd1_ovf_callback
                0x00802098        0x2 src/ASF/xmega/drivers/tc/tc.o
 .bss.tc_tcd0_ccd_callback
                0x0080209a        0x2 src/ASF/xmega/drivers/tc/tc.o
 .bss.tc_tcd0_ccc_callback
                0x0080209c        0x2 src/ASF/xmega/drivers/tc/tc.o
 .bss.tc_tcd0_ccb_callback
                0x0080209e        0x2 src/ASF/xmega/drivers/tc/tc.o
 .bss.tc_tcd0_cca_callback
                0x008020a0        0x2 src/ASF/xmega/drivers/tc/tc.o
 .bss.tc_tcd0_err_callback
                0x008020a2        0x2 src/ASF/xmega/drivers/tc/tc.o
 .bss.tc_tcd0_ovf_callback
                0x008020a4        0x2 src/ASF/xmega/drivers/tc/tc.o
 .bss.tc_tcc1_ccb_callback
                0x008020a6        0x2 src/ASF/xmega/drivers/tc/tc.o
 .bss.tc_tcc1_cca_callback
                0x008020a8        0x2 src/ASF/xmega/drivers/tc/tc.o
 .bss.tc_tcc1_err_callback
                0x008020aa        0x2 src/ASF/xmega/drivers/tc/tc.o
 .bss.tc_tcc1_ovf_callback
                0x008020ac        0x2 src/ASF/xmega/drivers/tc/tc.o
 .bss.tc_tcc0_ccd_callback
                0x008020ae        0x2 src/ASF/xmega/drivers/tc/tc.o
 .bss.tc_tcc0_ccc_callback
                0x008020b0        0x2 src/ASF/xmega/drivers/tc/tc.o
 .bss.tc_tcc0_ccb_callback
                0x008020b2        0x2 src/ASF/xmega/drivers/tc/tc.o
 .bss.tc_tcc0_cca_callback
                0x008020b4        0x2 src/ASF/xmega/drivers/tc/tc.o
 .bss.tc_tcc0_err_callback
                0x008020b6        0x2 src/ASF/xmega/drivers/tc/tc.o
 .bss.tc_tcc0_ovf_callback
                0x008020b8        0x2 src/ASF/xmega/drivers/tc/tc.o
 .bss.light_value
                0x008020ba        0x1 src/main.o
                0x008020ba                light_value
 .bss.last_temperature
                0x008020bb        0x2 src/main.o
 .bss.tempsense
                0x008020bd        0x2 src/main.o
 *(COMMON)
 COMMON         0x008020bf        0x4 src/ASF/xmega/drivers/adc/adc.o
                0x008020bf                adcb_callback
                0x008020c1                adca_callback
 COMMON         0x008020c3        0x6 src/ASF/common/services/sleepmgr/xmega/sleepmgr.o
                0x008020c3                sleepmgr_locks
                0x008020c9                PROVIDE (__bss_end, .)
                0x00002d60                __data_load_start = LOADADDR (.data)
                0x00002dc6                __data_load_end = (__data_load_start + SIZEOF (.data))

.noinit         0x008020c9        0x0
                [!provide]                PROVIDE (__noinit_start, .)
 *(.noinit*)
                [!provide]                PROVIDE (__noinit_end, .)
                0x008020c9                _end = .
                [!provide]                PROVIDE (__heap_start, .)

.eeprom         0x00810000        0x0
 *(.eeprom*)
                0x00810000                __eeprom_end = .

.fuse
 *(.fuse)
 *(.lfuse)
 *(.hfuse)
 *(.efuse)

.lock
 *(.lock*)

.signature
 *(.signature*)

.user_signatures
 *(.user_signatures*)

.stab
 *(.stab)

.stabstr
 *(.stabstr)

.stab.excl
 *(.stab.excl)

.stab.exclstr
 *(.stab.exclstr)

.stab.index
 *(.stab.index)

.stab.indexstr
 *(.stab.indexstr)

.comment        0x00000000       0x5c
 *(.comment)
 .comment       0x00000000       0x30 src/ASF/xmega/drivers/adc/adc.o
                                 0x31 (size before relaxing)
 .comment       0x00000030       0x31 src/ASF/xmega/drivers/dac/dac.o
 .comment       0x00000030       0x31 src/ASF/xmega/drivers/tc/tc.o
 .comment       0x00000030       0x31 src/ASF/xmega/drivers/usart/usart.o
 .comment       0x00000030       0x31 src/ASF/xmega/drivers/adc/xmega_aau/adc_aau.o
 .comment       0x00000030       0x31 src/ASF/common/services/sleepmgr/xmega/sleepmgr.o
 .comment       0x00000030       0x31 src/ASF/common/services/clock/xmega/sysclk.o
 .comment       0x00000030       0x31 src/ASF/common/services/ioport/xmega/ioport_compat.o
 .comment       0x00000030       0x31 src/ASF/xmega/boards/xmega_a1_xplained/init.o
 .comment       0x00000030       0x31 src/main.o
 .comment       0x00000030       0x31 c:/program files (x86)/atmel/studio/7.0/toolchain/avr8/avr8-gnu-toolchain/bin/../lib/gcc/avr/5.4.0/../../../../avr/lib/avrxmega7\libc.a(sprintf.o)
 .comment       0x00000030       0x2c c:/program files (x86)/atmel/studio/7.0/toolchain/avr8/avr8-gnu-toolchain/bin/../lib/gcc/avr/5.4.0/../../../../avr/lib/avrxmega7\libc.a(vfprintf_std.o)
                                 0x2d (size before relaxing)
 .comment       0x0000005c       0x31 c:/program files (x86)/atmel/studio/7.0/toolchain/avr8/avr8-gnu-toolchain/bin/../lib/gcc/avr/5.4.0/../../../../avr/lib/avrxmega7\libc.a(fputc.o)

.note.gnu.avr.deviceinfo
                0x00000000       0x40
 .note.gnu.avr.deviceinfo
                0x00000000       0x40 C:/Program Files (x86)/Atmel/Studio/7.0/Packs/atmel/XMEGAA_DFP/1.1.68/gcc/dev/atxmega128a1/avrxmega7/crtatxmega128a1.o

.note.gnu.build-id
 *(.note.gnu.build-id)

.debug
 *(.debug)

.line
 *(.line)

.debug_srcinfo
 *(.debug_srcinfo)

.debug_sfnames
 *(.debug_sfnames)

.debug_aranges  0x00000000      0x400
 *(.debug_aranges)
 .debug_aranges
                0x00000000       0x48 src/ASF/xmega/drivers/adc/adc.o
 .debug_aranges
                0x00000048       0x50 src/ASF/xmega/drivers/dac/dac.o
 .debug_aranges
                0x00000098      0x198 src/ASF/xmega/drivers/tc/tc.o
 .debug_aranges
                0x00000230       0x58 src/ASF/xmega/drivers/usart/usart.o
 .debug_aranges
                0x00000288       0x78 src/ASF/xmega/drivers/adc/xmega_aau/adc_aau.o
 .debug_aranges
                0x00000300       0x18 src/ASF/common/services/sleepmgr/xmega/sleepmgr.o
 .debug_aranges
                0x00000318       0x30 src/ASF/common/services/clock/xmega/sysclk.o
 .debug_aranges
                0x00000348       0x28 src/ASF/xmega/drivers/nvm/nvm_asm.o
 .debug_aranges
                0x00000370       0x20 src/ASF/common/services/ioport/xmega/ioport_compat.o
 .debug_aranges
                0x00000390       0x20 src/ASF/xmega/boards/xmega_a1_xplained/init.o
 .debug_aranges
                0x000003b0       0x50 src/main.o

.debug_pubnames
 *(.debug_pubnames)

.debug_info     0x00000000     0xe844
 *(.debug_info .gnu.linkonce.wi.*)
 .debug_info    0x00000000     0x354c C:/Program Files (x86)/Atmel/Studio/7.0/Packs/atmel/XMEGAA_DFP/1.1.68/gcc/dev/atxmega128a1/avrxmega7/crtatxmega128a1.o
 .debug_info    0x0000354c      0xaa0 src/ASF/xmega/drivers/adc/adc.o
 .debug_info    0x00003fec      0xc0b src/ASF/xmega/drivers/dac/dac.o
 .debug_info    0x00004bf7     0x1a20 src/ASF/xmega/drivers/tc/tc.o
 .debug_info    0x00006617     0x327e src/ASF/xmega/drivers/usart/usart.o
 .debug_info    0x00009895      0xeb1 src/ASF/xmega/drivers/adc/xmega_aau/adc_aau.o
 .debug_info    0x0000a746      0x129 src/ASF/common/services/sleepmgr/xmega/sleepmgr.o
 .debug_info    0x0000a86f      0x47b src/ASF/common/services/clock/xmega/sysclk.o
 .debug_info    0x0000acea       0x8a src/ASF/xmega/drivers/nvm/nvm_asm.o
 .debug_info    0x0000ad74      0x121 src/ASF/common/services/ioport/xmega/ioport_compat.o
 .debug_info    0x0000ae95      0xcc0 src/ASF/xmega/boards/xmega_a1_xplained/init.o
 .debug_info    0x0000bb55     0x2cef src/main.o

.debug_abbrev   0x00000000     0x49a0
 *(.debug_abbrev)
 .debug_abbrev  0x00000000     0x327a C:/Program Files (x86)/Atmel/Studio/7.0/Packs/atmel/XMEGAA_DFP/1.1.68/gcc/dev/atxmega128a1/avrxmega7/crtatxmega128a1.o
 .debug_abbrev  0x0000327a      0x27e src/ASF/xmega/drivers/adc/adc.o
 .debug_abbrev  0x000034f8      0x2f2 src/ASF/xmega/drivers/dac/dac.o
 .debug_abbrev  0x000037ea      0x29b src/ASF/xmega/drivers/tc/tc.o
 .debug_abbrev  0x00003a85      0x3ce src/ASF/xmega/drivers/usart/usart.o
 .debug_abbrev  0x00003e53      0x2f9 src/ASF/xmega/drivers/adc/xmega_aau/adc_aau.o
 .debug_abbrev  0x0000414c       0x84 src/ASF/common/services/sleepmgr/xmega/sleepmgr.o
 .debug_abbrev  0x000041d0      0x1ea src/ASF/common/services/clock/xmega/sysclk.o
 .debug_abbrev  0x000043ba       0x12 src/ASF/xmega/drivers/nvm/nvm_asm.o
 .debug_abbrev  0x000043cc       0x95 src/ASF/common/services/ioport/xmega/ioport_compat.o
 .debug_abbrev  0x00004461      0x14a src/ASF/xmega/boards/xmega_a1_xplained/init.o
 .debug_abbrev  0x000045ab      0x3f5 src/main.o

.debug_line     0x00000000     0x5aca
 *(.debug_line .debug_line.* .debug_line_end)
 .debug_line    0x00000000      0x3a9 C:/Program Files (x86)/Atmel/Studio/7.0/Packs/atmel/XMEGAA_DFP/1.1.68/gcc/dev/atxmega128a1/avrxmega7/crtatxmega128a1.o
 .debug_line    0x000003a9      0x7bf src/ASF/xmega/drivers/adc/adc.o
 .debug_line    0x00000b68      0x85d src/ASF/xmega/drivers/dac/dac.o
 .debug_line    0x000013c5      0xfac src/ASF/xmega/drivers/tc/tc.o
 .debug_line    0x00002371      0xd6a src/ASF/xmega/drivers/usart/usart.o
 .debug_line    0x000030db      0x96f src/ASF/xmega/drivers/adc/xmega_aau/adc_aau.o
 .debug_line    0x00003a4a      0x455 src/ASF/common/services/sleepmgr/xmega/sleepmgr.o
 .debug_line    0x00003e9f      0x55f src/ASF/common/services/clock/xmega/sysclk.o
 .debug_line    0x000043fe      0x11f src/ASF/xmega/drivers/nvm/nvm_asm.o
 .debug_line    0x0000451d      0x4b2 src/ASF/common/services/ioport/xmega/ioport_compat.o
 .debug_line    0x000049cf      0x4d9 src/ASF/xmega/boards/xmega_a1_xplained/init.o
 .debug_line    0x00004ea8      0xc22 src/main.o

.debug_frame    0x00000000     0x1720
 *(.debug_frame)
 .debug_frame   0x00000000       0xbc src/ASF/xmega/drivers/adc/adc.o
 .debug_frame   0x000000bc      0x11c src/ASF/xmega/drivers/dac/dac.o
 .debug_frame   0x000001d8      0xe84 src/ASF/xmega/drivers/tc/tc.o
 .debug_frame   0x0000105c      0x144 src/ASF/xmega/drivers/usart/usart.o
 .debug_frame   0x000011a0      0x3e4 src/ASF/xmega/drivers/adc/xmega_aau/adc_aau.o
 .debug_frame   0x00001584       0x64 src/ASF/common/services/clock/xmega/sysclk.o
 .debug_frame   0x000015e8       0x30 src/ASF/common/services/ioport/xmega/ioport_compat.o
 .debug_frame   0x00001618       0x24 src/ASF/xmega/boards/xmega_a1_xplained/init.o
 .debug_frame   0x0000163c       0xe4 src/main.o

.debug_str      0x00000000    0x2f477
 *(.debug_str)
 .debug_str     0x00000000     0x23b9 C:/Program Files (x86)/Atmel/Studio/7.0/Packs/atmel/XMEGAA_DFP/1.1.68/gcc/dev/atxmega128a1/avrxmega7/crtatxmega128a1.o
 .debug_str     0x000023b9    0x2813d src/ASF/xmega/drivers/adc/adc.o
                              0x2882b (size before relaxing)
 .debug_str     0x0002a4f6      0x7c6 src/ASF/xmega/drivers/dac/dac.o
                              0x2871a (size before relaxing)
 .debug_str     0x0002acbc      0x92b src/ASF/xmega/drivers/tc/tc.o
                              0x28888 (size before relaxing)
 .debug_str     0x0002b5e7     0x119e src/ASF/xmega/drivers/usart/usart.o
                              0x292a7 (size before relaxing)
 .debug_str     0x0002c785      0x1e5 src/ASF/xmega/drivers/adc/xmega_aau/adc_aau.o
                              0x28ad7 (size before relaxing)
 .debug_str     0x0002c96a       0x35 src/ASF/common/services/sleepmgr/xmega/sleepmgr.o
                              0x26202 (size before relaxing)
 .debug_str     0x0002c99f       0xe9 src/ASF/common/services/clock/xmega/sysclk.o
                              0x27c86 (size before relaxing)
 .debug_str     0x0002ca88       0x77 src/ASF/common/services/ioport/xmega/ioport_compat.o
                              0x264f6 (size before relaxing)
 .debug_str     0x0002caff      0x125 src/ASF/xmega/boards/xmega_a1_xplained/init.o
                              0x27830 (size before relaxing)
 .debug_str     0x0002cc24     0x2853 src/main.o
                              0x2c473 (size before relaxing)

.debug_loc      0x00000000     0x5420
 *(.debug_loc)
 .debug_loc     0x00000000      0x2b3 src/ASF/xmega/drivers/adc/adc.o
 .debug_loc     0x000002b3      0x4d4 src/ASF/xmega/drivers/dac/dac.o
 .debug_loc     0x00000787     0x2122 src/ASF/xmega/drivers/tc/tc.o
 .debug_loc     0x000028a9      0xe31 src/ASF/xmega/drivers/usart/usart.o
 .debug_loc     0x000036da      0xd3c src/ASF/xmega/drivers/adc/xmega_aau/adc_aau.o
 .debug_loc     0x00004416      0x20d src/ASF/common/services/clock/xmega/sysclk.o
 .debug_loc     0x00004623       0x66 src/ASF/common/services/ioport/xmega/ioport_compat.o
 .debug_loc     0x00004689      0x50e src/ASF/xmega/boards/xmega_a1_xplained/init.o
 .debug_loc     0x00004b97      0x889 src/main.o

.debug_macinfo
 *(.debug_macinfo)

.debug_weaknames
 *(.debug_weaknames)

.debug_funcnames
 *(.debug_funcnames)

.debug_typenames
 *(.debug_typenames)

.debug_varnames
 *(.debug_varnames)

.debug_pubtypes
 *(.debug_pubtypes)

.debug_ranges   0x00000000      0x3b8
 *(.debug_ranges)
 .debug_ranges  0x00000000       0x38 src/ASF/xmega/drivers/adc/adc.o
 .debug_ranges  0x00000038       0x40 src/ASF/xmega/drivers/dac/dac.o
 .debug_ranges  0x00000078      0x188 src/ASF/xmega/drivers/tc/tc.o
 .debug_ranges  0x00000200       0x80 src/ASF/xmega/drivers/usart/usart.o
 .debug_ranges  0x00000280       0x68 src/ASF/xmega/drivers/adc/xmega_aau/adc_aau.o
 .debug_ranges  0x000002e8       0x20 src/ASF/common/services/clock/xmega/sysclk.o
 .debug_ranges  0x00000308       0x20 src/ASF/xmega/drivers/nvm/nvm_asm.o
 .debug_ranges  0x00000328       0x10 src/ASF/common/services/ioport/xmega/ioport_compat.o
 .debug_ranges  0x00000338       0x10 src/ASF/xmega/boards/xmega_a1_xplained/init.o
 .debug_ranges  0x00000348       0x70 src/main.o

.debug_macro    0x00000000     0xa55b
 *(.debug_macro)
 .debug_macro   0x00000000      0x22f src/ASF/xmega/drivers/adc/adc.o
 .debug_macro   0x0000022f      0xa90 src/ASF/xmega/drivers/adc/adc.o
 .debug_macro   0x00000cbf       0x10 src/ASF/xmega/drivers/adc/adc.o
 .debug_macro   0x00000ccf      0x1c9 src/ASF/xmega/drivers/adc/adc.o
 .debug_macro   0x00000e98      0x2fc src/ASF/xmega/drivers/adc/adc.o
 .debug_macro   0x00001194       0x9e src/ASF/xmega/drivers/adc/adc.o
 .debug_macro   0x00001232     0x53c9 src/ASF/xmega/drivers/adc/adc.o
 .debug_macro   0x000065fb       0x9a src/ASF/xmega/drivers/adc/adc.o
 .debug_macro   0x00006695       0xf1 src/ASF/xmega/drivers/adc/adc.o
 .debug_macro   0x00006786       0x34 src/ASF/xmega/drivers/adc/adc.o
 .debug_macro   0x000067ba       0x16 src/ASF/xmega/drivers/adc/adc.o
 .debug_macro   0x000067d0       0x18 src/ASF/xmega/drivers/adc/adc.o
 .debug_macro   0x000067e8       0x5e src/ASF/xmega/drivers/adc/adc.o
 .debug_macro   0x00006846       0x10 src/ASF/xmega/drivers/adc/adc.o
 .debug_macro   0x00006856       0x22 src/ASF/xmega/drivers/adc/adc.o
 .debug_macro   0x00006878      0x16d src/ASF/xmega/drivers/adc/adc.o
 .debug_macro   0x000069e5       0x1c src/ASF/xmega/drivers/adc/adc.o
 .debug_macro   0x00006a01       0x35 src/ASF/xmega/drivers/adc/adc.o
 .debug_macro   0x00006a36       0x66 src/ASF/xmega/drivers/adc/adc.o
 .debug_macro   0x00006a9c      0x6d7 src/ASF/xmega/drivers/adc/adc.o
 .debug_macro   0x00007173       0x96 src/ASF/xmega/drivers/adc/adc.o
 .debug_macro   0x00007209       0x17 src/ASF/xmega/drivers/adc/adc.o
 .debug_macro   0x00007220      0x250 src/ASF/xmega/drivers/adc/adc.o
 .debug_macro   0x00007470       0x76 src/ASF/xmega/drivers/adc/adc.o
 .debug_macro   0x000074e6       0x16 src/ASF/xmega/drivers/adc/adc.o
 .debug_macro   0x000074fc      0x6d9 src/ASF/xmega/drivers/adc/adc.o
 .debug_macro   0x00007bd5       0x10 src/ASF/xmega/drivers/adc/adc.o
 .debug_macro   0x00007be5      0x175 src/ASF/xmega/drivers/adc/adc.o
 .debug_macro   0x00007d5a       0x40 src/ASF/xmega/drivers/adc/adc.o
 .debug_macro   0x00007d9a       0x69 src/ASF/xmega/drivers/adc/adc.o
 .debug_macro   0x00007e03       0x31 src/ASF/xmega/drivers/adc/adc.o
 .debug_macro   0x00007e34       0xe4 src/ASF/xmega/drivers/adc/adc.o
 .debug_macro   0x00007f18       0x10 src/ASF/xmega/drivers/adc/adc.o
 .debug_macro   0x00007f28       0x20 src/ASF/xmega/drivers/adc/adc.o
 .debug_macro   0x00007f48       0x10 src/ASF/xmega/drivers/adc/adc.o
 .debug_macro   0x00007f58       0x42 src/ASF/xmega/drivers/adc/adc.o
 .debug_macro   0x00007f9a       0x1c src/ASF/xmega/drivers/adc/adc.o
 .debug_macro   0x00007fb6      0x2c3 src/ASF/xmega/drivers/adc/adc.o
 .debug_macro   0x00008279      0x177 src/ASF/xmega/drivers/adc/adc.o
 .debug_macro   0x000083f0       0x80 src/ASF/xmega/drivers/adc/adc.o
 .debug_macro   0x00008470       0x2f src/ASF/xmega/drivers/adc/adc.o
 .debug_macro   0x0000849f      0x13f src/ASF/xmega/drivers/adc/adc.o
 .debug_macro   0x000085de       0xd7 src/ASF/xmega/drivers/adc/adc.o
 .debug_macro   0x000086b5      0x226 src/ASF/xmega/drivers/dac/dac.o
 .debug_macro   0x000088db       0x34 src/ASF/xmega/drivers/dac/dac.o
 .debug_macro   0x0000890f      0x225 src/ASF/xmega/drivers/tc/tc.o
 .debug_macro   0x00008b34      0x302 src/ASF/xmega/drivers/tc/tc.o
 .debug_macro   0x00008e36       0x12 src/ASF/xmega/drivers/tc/tc.o
 .debug_macro   0x00008e48      0x221 src/ASF/xmega/drivers/usart/usart.o
 .debug_macro   0x00009069       0x34 src/ASF/xmega/drivers/usart/usart.o
 .debug_macro   0x0000909d       0x9a src/ASF/xmega/drivers/usart/usart.o
 .debug_macro   0x00009137      0x102 src/ASF/xmega/drivers/usart/usart.o
 .debug_macro   0x00009239      0x22f src/ASF/xmega/drivers/adc/xmega_aau/adc_aau.o
 .debug_macro   0x00009468      0x1a3 src/ASF/common/services/sleepmgr/xmega/sleepmgr.o
 .debug_macro   0x0000960b      0x1d2 src/ASF/common/services/clock/xmega/sysclk.o
 .debug_macro   0x000097dd      0x193 src/ASF/common/services/ioport/xmega/ioport_compat.o
 .debug_macro   0x00009970      0x1b5 src/ASF/xmega/boards/xmega_a1_xplained/init.o
 .debug_macro   0x00009b25       0x34 src/ASF/xmega/boards/xmega_a1_xplained/init.o
 .debug_macro   0x00009b59      0x2bd src/ASF/xmega/boards/xmega_a1_xplained/init.o
 .debug_macro   0x00009e16      0x34f src/main.o
 .debug_macro   0x0000a165       0x34 src/main.o
 .debug_macro   0x0000a199       0x3a src/main.o
 .debug_macro   0x0000a1d3       0x40 src/main.o
 .debug_macro   0x0000a213       0x3a src/main.o
 .debug_macro   0x0000a24d       0x1c src/main.o
 .debug_macro   0x0000a269       0x22 src/main.o
 .debug_macro   0x0000a28b       0x58 src/main.o
 .debug_macro   0x0000a2e3       0x10 src/main.o
 .debug_macro   0x0000a2f3       0xf2 src/main.o
 .debug_macro   0x0000a3e5       0x16 src/main.o
 .debug_macro   0x0000a3fb      0x160 src/main.o
OUTPUT(ESDLab1.elf elf32-avr)
LOAD linker stubs

.BOOT           0x00020000        0x0
